Component: ARM Compiler 5.06 update 5 (build 528) Tool: armlink [4d35e2]

==============================================================================

Section Cross References

    stm32f10x_adc.o(i.ADC_DeInit) refers to stm32f10x_rcc.o(i.RCC_APB2PeriphResetCmd) for RCC_APB2PeriphResetCmd
    stm32f10x_bkp.o(i.BKP_DeInit) refers to stm32f10x_rcc.o(i.RCC_BackupResetCmd) for RCC_BackupResetCmd
    stm32f10x_can.o(i.CAN_DeInit) refers to stm32f10x_rcc.o(i.RCC_APB1PeriphResetCmd) for RCC_APB1PeriphResetCmd
    stm32f10x_can.o(i.CAN_GetITStatus) refers to stm32f10x_can.o(i.CheckITStatus) for CheckITStatus
    stm32f10x_cec.o(i.CEC_DeInit) refers to stm32f10x_rcc.o(i.RCC_APB1PeriphResetCmd) for RCC_APB1PeriphResetCmd
    stm32f10x_dac.o(i.DAC_DeInit) refers to stm32f10x_rcc.o(i.RCC_APB1PeriphResetCmd) for RCC_APB1PeriphResetCmd
    stm32f10x_flash.o(i.FLASH_EnableWriteProtection) refers to stm32f10x_flash.o(i.FLASH_WaitForLastOperation) for FLASH_WaitForLastOperation
    stm32f10x_flash.o(i.FLASH_EraseAllBank1Pages) refers to stm32f10x_flash.o(i.FLASH_WaitForLastBank1Operation) for FLASH_WaitForLastBank1Operation
    stm32f10x_flash.o(i.FLASH_EraseAllPages) refers to stm32f10x_flash.o(i.FLASH_WaitForLastOperation) for FLASH_WaitForLastOperation
    stm32f10x_flash.o(i.FLASH_EraseOptionBytes) refers to stm32f10x_flash.o(i.FLASH_GetReadOutProtectionStatus) for FLASH_GetReadOutProtectionStatus
    stm32f10x_flash.o(i.FLASH_EraseOptionBytes) refers to stm32f10x_flash.o(i.FLASH_WaitForLastOperation) for FLASH_WaitForLastOperation
    stm32f10x_flash.o(i.FLASH_ErasePage) refers to stm32f10x_flash.o(i.FLASH_WaitForLastOperation) for FLASH_WaitForLastOperation
    stm32f10x_flash.o(i.FLASH_ProgramHalfWord) refers to stm32f10x_flash.o(i.FLASH_WaitForLastOperation) for FLASH_WaitForLastOperation
    stm32f10x_flash.o(i.FLASH_ProgramOptionByteData) refers to stm32f10x_flash.o(i.FLASH_WaitForLastOperation) for FLASH_WaitForLastOperation
    stm32f10x_flash.o(i.FLASH_ProgramWord) refers to stm32f10x_flash.o(i.FLASH_WaitForLastOperation) for FLASH_WaitForLastOperation
    stm32f10x_flash.o(i.FLASH_ReadOutProtection) refers to stm32f10x_flash.o(i.FLASH_WaitForLastOperation) for FLASH_WaitForLastOperation
    stm32f10x_flash.o(i.FLASH_UserOptionByteConfig) refers to stm32f10x_flash.o(i.FLASH_WaitForLastOperation) for FLASH_WaitForLastOperation
    stm32f10x_flash.o(i.FLASH_WaitForLastBank1Operation) refers to stm32f10x_flash.o(i.FLASH_GetBank1Status) for FLASH_GetBank1Status
    stm32f10x_flash.o(i.FLASH_WaitForLastOperation) refers to stm32f10x_flash.o(i.FLASH_GetBank1Status) for FLASH_GetBank1Status
    stm32f10x_gpio.o(i.GPIO_AFIODeInit) refers to stm32f10x_rcc.o(i.RCC_APB2PeriphResetCmd) for RCC_APB2PeriphResetCmd
    stm32f10x_gpio.o(i.GPIO_DeInit) refers to stm32f10x_rcc.o(i.RCC_APB2PeriphResetCmd) for RCC_APB2PeriphResetCmd
    stm32f10x_i2c.o(i.I2C_DeInit) refers to stm32f10x_rcc.o(i.RCC_APB1PeriphResetCmd) for RCC_APB1PeriphResetCmd
    stm32f10x_i2c.o(i.I2C_Init) refers to stm32f10x_rcc.o(i.RCC_GetClocksFreq) for RCC_GetClocksFreq
    stm32f10x_pwr.o(i.PWR_DeInit) refers to stm32f10x_rcc.o(i.RCC_APB1PeriphResetCmd) for RCC_APB1PeriphResetCmd
    stm32f10x_rcc.o(i.RCC_GetClocksFreq) refers to stm32f10x_rcc.o(.data) for APBAHBPrescTable
    stm32f10x_rcc.o(i.RCC_WaitForHSEStartUp) refers to stm32f10x_rcc.o(i.RCC_GetFlagStatus) for RCC_GetFlagStatus
    stm32f10x_rtc.o(i.RTC_SetAlarm) refers to stm32f10x_rtc.o(i.RTC_EnterConfigMode) for RTC_EnterConfigMode
    stm32f10x_rtc.o(i.RTC_SetAlarm) refers to stm32f10x_rtc.o(i.RTC_ExitConfigMode) for RTC_ExitConfigMode
    stm32f10x_rtc.o(i.RTC_SetCounter) refers to stm32f10x_rtc.o(i.RTC_EnterConfigMode) for RTC_EnterConfigMode
    stm32f10x_rtc.o(i.RTC_SetCounter) refers to stm32f10x_rtc.o(i.RTC_ExitConfigMode) for RTC_ExitConfigMode
    stm32f10x_rtc.o(i.RTC_SetPrescaler) refers to stm32f10x_rtc.o(i.RTC_EnterConfigMode) for RTC_EnterConfigMode
    stm32f10x_rtc.o(i.RTC_SetPrescaler) refers to stm32f10x_rtc.o(i.RTC_ExitConfigMode) for RTC_ExitConfigMode
    stm32f10x_spi.o(i.I2S_Init) refers to stm32f10x_rcc.o(i.RCC_GetClocksFreq) for RCC_GetClocksFreq
    stm32f10x_spi.o(i.SPI_I2S_DeInit) refers to stm32f10x_rcc.o(i.RCC_APB2PeriphResetCmd) for RCC_APB2PeriphResetCmd
    stm32f10x_spi.o(i.SPI_I2S_DeInit) refers to stm32f10x_rcc.o(i.RCC_APB1PeriphResetCmd) for RCC_APB1PeriphResetCmd
    stm32f10x_tim.o(i.TIM_DeInit) refers to stm32f10x_rcc.o(i.RCC_APB2PeriphResetCmd) for RCC_APB2PeriphResetCmd
    stm32f10x_tim.o(i.TIM_DeInit) refers to stm32f10x_rcc.o(i.RCC_APB1PeriphResetCmd) for RCC_APB1PeriphResetCmd
    stm32f10x_tim.o(i.TIM_ETRClockMode1Config) refers to stm32f10x_tim.o(i.TIM_ETRConfig) for TIM_ETRConfig
    stm32f10x_tim.o(i.TIM_ETRClockMode2Config) refers to stm32f10x_tim.o(i.TIM_ETRConfig) for TIM_ETRConfig
    stm32f10x_tim.o(i.TIM_ICInit) refers to stm32f10x_tim.o(i.TI1_Config) for TI1_Config
[...]
    ../fplib/printf2b.s                      0x00000000   Number         0  printf2b.o ABSOLUTE
    ../fplib/usenofp.s                       0x00000000   Number         0  usenofp.o ABSOLUTE
    ../mathlib/fpclassify.c                  0x00000000   Number         0  fpclassify.o ABSOLUTE
    Hardware\AD.c                            0x00000000   Number         0  ad.o ABSOLUTE
    Hardware\BUZZER.c                        0x00000000   Number         0  buzzer.o ABSOLUTE
    Hardware\DS18B20.c                       0x00000000   Number         0  ds18b20.o ABSOLUTE
    Hardware\DS_Timer.c                      0x00000000   Number         0  ds_timer.o ABSOLUTE
    Hardware\Encoder.c                       0x00000000   Number         0  encoder.o ABSOLUTE
    Hardware\Key.c                           0x00000000   Number         0  key.o ABSOLUTE
    Hardware\LED.c                           0x00000000   Number         0  led.o ABSOLUTE
    Hardware\LightSensor.c                   0x00000000   Number         0  lightsensor.o ABSOLUTE
    Hardware\Motor.c                         0x00000000   Number         0  motor.o ABSOLUTE
    Hardware\OLED.c                          0x00000000   Number         0  oled.o ABSOLUTE
    Hardware\OneWire.c                       0x00000000   Number         0  onewire.o ABSOLUTE
    Hardware\PWM.c                           0x00000000   Number         0  pwm.o ABSOLUTE
    Hardware\Serial.c                        0x00000000   Number         0  serial.o ABSOLUTE
    Hardware\Timer.c                         0x00000000   Number         0  timer.o ABSOLUTE
    Library\misc.c                           0x00000000   Number         0  misc.o ABSOLUTE
    Library\stm32f10x_adc.c                  0x00000000   Number         0  stm32f10x_adc.o ABSOLUTE
    Library\stm32f10x_bkp.c                  0x00000000   Number         0  stm32f10x_bkp.o ABSOLUTE
    Library\stm32f10x_can.c                  0x00000000   Number         0  stm32f10x_can.o ABSOLUTE
    Library\stm32f10x_cec.c                  0x00000000   Number         0  stm32f10x_cec.o ABSOLUTE
    Library\stm32f10x_crc.c                  0x00000000   Number         0  stm32f10x_crc.o ABSOLUTE
    Library\stm32f10x_dac.c                  0x00000000   Number         0  stm32f10x_dac.o ABSOLUTE
    Library\stm32f10x_dbgmcu.c               0x00000000   Number         0  stm32f10x_dbgmcu.o ABSOLUTE
    Library\stm32f10x_dma.c                  0x00000000   Number         0  stm32f10x_dma.o ABSOLUTE
    Library\stm32f10x_exti.c                 0x00000000   Number         0  stm32f10x_exti.o ABSOLUTE
    Library\stm32f10x_flash.c                0x00000000   Number         0  stm32f10x_flash.o ABSOLUTE
    Library\stm32f10x_fsmc.c                 0x00000000   Number         0  stm32f10x_fsmc.o ABSOLUTE
    Library\stm32f10x_gpio.c                 0x00000000   Number         0  stm32f10x_gpio.o ABSOLUTE
    Library\stm32f10x_i2c.c                  0x00000000   Number         0  stm32f10x_i2c.o ABSOLUTE
    Library\stm32f10x_iwdg.c                 0x00000000   Number         0  stm32f10x_iwdg.o ABSOLUTE
    Library\stm32f10x_pwr.c                  0x00000000   Number         0  stm32f10x_pwr.o ABSOLUTE
    Library\stm32f10x_rcc.c                  0x00000000   Number         0  stm32f10x_rcc.o ABSOLUTE
    Library\stm32f10x_rtc.c                  0x00000000   Number         0  stm32f10x_rtc.o ABSOLUTE
    Library\stm32f10x_sdio.c                 0x00000000   Number         0  stm32f10x_sdio.o ABSOLUTE
    Library\stm32f10x_spi.c                  0x00000000   Number         0  stm32f10x_spi.o ABSOLUTE
    Library\stm32f10x_tim.c                  0x00000000   Number         0  stm32f10x_tim.o ABSOLUTE
    Library\stm32f10x_usart.c                0x00000000   Number         0  stm32f10x_usart.o ABSOLUTE
    Library\stm32f10x_wwdg.c                 0x00000000   Number         0  stm32f10x_wwdg.o ABSOLUTE
    System\Delay.c                           0x00000000   Number         0  delay.o ABSOLUTE
    User\main.c                              0x00000000   Number         0  main.o ABSOLUTE
    User\stm32f10x_it.c                      0x00000000   Number         0  stm32f10x_it.o ABSOLUTE
    dc.s                                     0x00000000   Number         0  dc.o ABSOLUTE
    freertos\\port\\port.c                   0x00000000   Number         0  port.o ABSOLUTE
    freertos\port\heap_4.c                   0x00000000   Number         0  heap_4.o ABSOLUTE
    freertos\port\port.c                     0x00000000   Number         0  port.o ABSOLUTE
    freertos\src\croutine.c                  0x00000000   Number         0  croutine.o ABSOLUTE
    freertos\src\event_groups.c              0x00000000   Number         0  event_groups.o ABSOLUTE
    freertos\src\list.c                      0x00000000   Number         0  list.o ABSOLUTE
    freertos\src\queue.c                     0x00000000   Number         0  queue.o ABSOLUTE
    freertos\src\stream_buffer.c             0x00000000   Number         0  stream_buffer.o ABSOLUTE
    freertos\src\tasks.c                     0x00000000   Number         0  tasks.o ABSOLUTE
    freertos\src\timers.c                    0x00000000   Number         0  timers.o ABSOLUTE
    start\\core_cm3.c                        0x00000000   Number         0  core_cm3.o ABSOLUTE
    start\core_cm3.c                         0x00000000   Number         0  core_cm3.o ABSOLUTE
    start\startup_stm32f10x_md.s             0x00000000   Number         0  startup_stm32f10x_md.o ABSOLUTE
    start\system_stm32f10x.c                 0x00000000   Number         0  system_stm32f10x.o ABSOLUTE
    RESET                                    0x08000000   Section      236  startup_stm32f10x_md.o(RESET)
    !!!main                                  0x080000ec   Section        8  __main.o(!!!main)
    !!!scatter                               0x080000f4   Section       52  __scatter.o(!!!scatter)
    !!handler_copy                           0x08000128   Section       26  __scatter_copy.o(!!handler_copy)
    !!handler_zi                             0x08000144   Section       28  __scatter_zi.o(!!handler_zi)
    .ARM.Collect$$libinit$$00000000          0x08000160   Section        2  libinit.o(.ARM.Collect$$libinit$$00000000)
    .ARM.Collect$$libinit$$00000002          0x08000162   Section        0  libinit2.o(.ARM.Collect$$libinit$$00000002)
    .ARM.Collect$$libinit$$00000004          0x08000162   Section        0  libinit2.o(.ARM.Collect$$libinit$$00000004)
    .ARM.Collect$$libinit$$0000000A          0x08000162   Section        0  libinit2.o(.ARM.Collect$$libinit$$0000000A)
    .ARM.Collect$$libinit$$0000000C          0x08000162   Section        0  libinit2.o(.ARM.Collect$$libinit$$0000000C)
    .ARM.Collect$$libinit$$0000000E          0x08000162   Section        0  libinit2.o(.ARM.Collect$$libinit$$0000000E)
    .ARM.Collect$$libinit$$00000011          0x08000162   Section        0  libinit2.o(.ARM.Collect$$libinit$$00000011)
    .ARM.Collect$$libinit$$00000013          0x08000162   Section        0  libinit2.o(.ARM.Collect$$libinit$$00000013)
    .ARM.Collect$$libinit$$00000015          0x08000162   Section        0  libinit2.o(.ARM.Collect$$libinit$$00000015)
    .ARM.Collect$$libinit$$00000017          0x08000162   Section        0  libinit2.o(.ARM.Collect$$libinit$$00000017)
    .ARM.Collect$$libinit$$00000019          0x08000162   Section        0  libinit2.o(.ARM.Collect$$libinit$$00000019)
    .ARM.Collect$$libinit$$0000001B          0x08000162   Section        0  libinit2.o(.ARM.Collect$$libinit$$0000001B)
    .ARM.Collect$$libinit$$0000001D          0x08000162   Section        0  libinit2.o(.ARM.Collect$$libinit$$0000001D)
    .ARM.Collect$$libinit$$0000001F          0x08000162   Section        0  libinit2.o(.ARM.Collect$$libinit$$0000001F)
    .ARM.Collect$$libinit$$00000021          0x08000162   Section        0  libinit2.o(.ARM.Collect$$libinit$$00000021)
    .ARM.Collect$$libinit$$00000023          0x08000162   Section        0  libinit2.o(.ARM.Collect$$libinit$$00000023)
    .ARM.Collect$$libinit$$00000025          0x08000162   Section        0  libinit2.o(.ARM.Collect$$libinit$$00000025)
    .ARM.Collect$$libinit$$0000002C          0x08000162   Section        0  libinit2.o(.ARM.Collect$$libinit$$0000002C)
    .ARM.Collect$$libinit$$0000002E          0x08000162   Section        0  libinit2.o(.ARM.Collect$$libinit$$0000002E)
    .ARM.Collect$$libinit$$00000030          0x08000162   Section        0  libinit2.o(.ARM.Collect$$libinit$$00000030)
    .ARM.Collect$$libinit$$00000032          0x08000162   Section        0  libinit2.o(.ARM.Collect$$libinit$$00000032)
    .ARM.Collect$$libinit$$00000033          0x08000162   Section        2  libinit2.o(.ARM.Collect$$libinit$$00000033)
    .ARM.Collect$$libshutdown$$00000000      0x08000164   Section        2  libshutdown.o(.ARM.Collect$$libshutdown$$00000000)
    .ARM.Collect$$libshutdown$$00000002      0x08000166   Section        0  libshutdown2.o(.ARM.Collect$$libshutdown$$00000002)
    .ARM.Collect$$libshutdown$$00000004      0x08000166   Section        0  libshutdown2.o(.ARM.Collect$$libshutdown$$00000004)
    .ARM.Collect$$libshutdown$$00000007      0x08000166   Section        0  libshutdown2.o(.ARM.Collect$$libshutdown$$00000007)
    .ARM.Collect$$libshutdown$$0000000A      0x08000166   Section        0  libshutdown2.o(.ARM.Collect$$libshutdown$$0000000A)
    .ARM.Collect$$libshutdown$$0000000C      0x08000166   Section        0  libshutdown2.o(.ARM.Collect$$libshutdown$$0000000C)
    .ARM.Collect$$libshutdown$$0000000F      0x08000166   Section        0  libshutdown2.o(.ARM.Collect$$libshutdown$$0000000F)
    .ARM.Collect$$libshutdown$$00000010      0x08000166   Section        2  libshutdown2.o(.ARM.Collect$$libshutdown$$00000010)
    .ARM.Collect$$rtentry$$00000000          0x08000168   Section        0  __rtentry.o(.ARM.Collect$$rtentry$$00000000)
    .ARM.Collect$$rtentry$$00000002          0x08000168   Section        0  __rtentry2.o(.ARM.Collect$$rtentry$$00000002)
    .ARM.Collect$$rtentry$$00000004          0x08000168   Section        6  __rtentry4.o(.ARM.Collect$$rtentry$$00000004)
    .ARM.Collect$$rtentry$$00000009          0x0800016e   Section        0  __rtentry2.o(.ARM.Collect$$rtentry$$00000009)
    .ARM.Collect$$rtentry$$0000000A          0x0800016e   Section        4  __rtentry2.o(.ARM.Collect$$rtentry$$0000000A)
    .ARM.Collect$$rtentry$$0000000C          0x08000172   Section        0  __rtentry2.o(.ARM.Collect$$rtentry$$0000000C)
    .ARM.Collect$$rtentry$$0000000D          0x08000172   Section        8  __rtentry2.o(.ARM.Collect$$rtentry$$0000000D)
    .ARM.Collect$$rtexit$$00000000           0x0800017a   Section        2  rtexit.o(.ARM.Collect$$rtexit$$00000000)
    .ARM.Collect$$rtexit$$00000002           0x0800017c   Section        0  rtexit2.o(.ARM.Collect$$rtexit$$00000002)
    .ARM.Collect$$rtexit$$00000003           0x0800017c   Section        4  rtexit2.o(.ARM.Collect$$rtexit$$00000003)
    .ARM.Collect$$rtexit$$00000004           0x08000180   Section        6  rtexit2.o(.ARM.Collect$$rtexit$$00000004)
    .emb_text                                0x08000188   Section      150  port.o(.emb_text)
    .text                                    0x08000220   Section       64  startup_stm32f10x_md.o(.text)
    .text                                    0x08000260   Section       78  rt_memclr_w.o(.text)
    .text                                    0x080002b0   Section      128  strcmpv7m.o(.text)
    .text                                    0x08000330   Section        0  heapauxi.o(.text)
    .text                                    0x08000336   Section       74  sys_stackheap_outer.o(.text)
    .text                                    0x08000380   Section        0  exit.o(.text)
    .text                                    0x08000394   Section        8  libspace.o(.text)
    .text                                    0x0800039c   Section        0  sys_exit.o(.text)
    .text                                    0x080003a8   Section        2  use_no_semi.o(.text)
    .text                                    0x080003aa   Section        0  indicate_semi.o(.text)
    i.AD2_GetValue                           0x080003ac   Section        0  ad.o(i.AD2_GetValue)
    i.ADC_Cmd                                0x080003e0   Section        0  stm32f10x_adc.o(i.ADC_Cmd)
    i.ADC_GetCalibrationStatus               0x080003f6   Section        0  stm32f10x_adc.o(i.ADC_GetCalibrationStatus)
    i.ADC_GetConversionValue                 0x0800040a   Section        0  stm32f10x_adc.o(i.ADC_GetConversionValue)
    i.ADC_GetFlagStatus                      0x08000412   Section        0  stm32f10x_adc.o(i.ADC_GetFlagStatus)
    i.ADC_GetResetCalibrationStatus          0x08000424   Section        0  stm32f10x_adc.o(i.ADC_GetResetCalibrationStatus)
    i.ADC_Init                               0x08000438   Section        0  stm32f10x_adc.o(i.ADC_Init)
    i.ADC_RegularChannelConfig               0x08000488   Section        0  stm32f10x_adc.o(i.ADC_RegularChannelConfig)
    i.ADC_ResetCalibration                   0x08000540   Section        0  stm32f10x_adc.o(i.ADC_ResetCalibration)
    i.ADC_SoftwareStartConvCmd               0x0800054a   Section        0  stm32f10x_adc.o(i.ADC_SoftwareStartConvCmd)
    i.ADC_StartCalibration                   0x08000560   Section        0  stm32f10x_adc.o(i.ADC_StartCalibration)
    i.AD_GetValue                            0x0800056c   Section        0  ad.o(i.AD_GetValue)
    i.AD_Init                                0x080005a0   Section        0  ad.o(i.AD_Init)
    i.ASRPRO                                 0x08000690   Section        0  main.o(i.ASRPRO)
    i.BusFault_Handler                       0x0800096c   Section        0  stm32f10x_it.o(i.BusFault_Handler)
    i.Buzzer_Init                            0x08000970   Section        0  buzzer.o(i.Buzzer_Init)
    i.Buzzer_OFF                             0x080009a4   Section        0  buzzer.o(i.Buzzer_OFF)
    i.Buzzer_ON                              0x080009b8   Section        0  buzzer.o(i.Buzzer_ON)
    i.DebugMon_Handler                       0x080009cc   Section        0  stm32f10x_it.o(i.DebugMon_Handler)
    i.Delay_ms                               0x080009ce   Section        0  delay.o(i.Delay_ms)
    i.Delay_us                               0x080009e6   Section        0  delay.o(i.Delay_us)
    i.Encoder_Get                            0x08000a14   Section        0  encoder.o(i.Encoder_Get)
    i.Encoder_Init                           0x08000a4c   Section        0  encoder.o(i.Encoder_Init)
    i.Fire_S                                 0x08000ae4   Section        0  main.o(i.Fire_S)
    i.GPIO_Init                              0x08000b38   Section        0  stm32f10x_gpio.o(i.GPIO_Init)
    i.GPIO_ReadInputDataBit                  0x08000c4e   Section        0  stm32f10x_gpio.o(i.GPIO_ReadInputDataBit)
    i.GPIO_ResetBits                         0x08000c60   Section        0  stm32f10x_gpio.o(i.GPIO_ResetBits)
    i.GPIO_SetBits                           0x08000c64   Section        0  stm32f10x_gpio.o(i.GPIO_SetBits)
    i.GPIO_WriteBit                          0x08000c68   Section        0  stm32f10x_gpio.o(i.GPIO_WriteBit)
    i.HardFault_Handler                      0x08000c72   Section        0  stm32f10x_it.o(i.HardFault_Handler)
    i.LED1_OFF                               0x08000c78   Section        0  led.o(i.LED1_OFF)
    i.LED1_ON                                0x08000c8c   Section        0  led.o(i.LED1_ON)
    i.LED2_OFF                               0x08000ca0   Section        0  led.o(i.LED2_OFF)
    i.LED2_ON                                0x08000cb4   Section        0  led.o(i.LED2_ON)
    i.LED3_OFF                               0x08000cc8   Section        0  led.o(i.LED3_OFF)
    i.LED3_ON                                0x08000cdc   Section        0  led.o(i.LED3_ON)
    i.LED_Init                               0x08000cf0   Section        0  led.o(i.LED_Init)
    i.LED_Sys                                0x08000d60   Section        0  main.o(i.LED_Sys)
    i.LightSenor_Get                         0x08000d98   Section        0  lightsensor.o(i.LightSenor_Get)
    i.LightSensor_Init                       0x08000dac   Section        0  lightsensor.o(i.LightSensor_Init)
    i.Light_LED                              0x08000dd8   Section        0  main.o(i.Light_LED)
    i.MemManage_Handler                      0x08000e10   Section        0  stm32f10x_it.o(i.MemManage_Handler)
    i.MoterTimer_Init                        0x08000e14   Section        0  ds_timer.o(i.MoterTimer_Init)
    i.Moter_PWM_SetCompare1                  0x08000ee8   Section        0  ds_timer.o(i.Moter_PWM_SetCompare1)
    i.Motor_Init                             0x08000efc   Section        0  motor.o(i.Motor_Init)
    i.Motor_SetSpeed                         0x08000f2c   Section        0  motor.o(i.Motor_SetSpeed)
    i.NMI_Handler                            0x08000f6c   Section        0  stm32f10x_it.o(i.NMI_Handler)
    i.NVIC_Init                              0x08000f70   Section        0  misc.o(i.NVIC_Init)
    i.NVIC_PriorityGroupConfig               0x08000fe0   Section        0  misc.o(i.NVIC_PriorityGroupConfig)
    i.OLED_Clear                             0x08000ff4   Section        0  oled.o(i.OLED_Clear)
    i.OLED_I2C_Init                          0x08001020   Section        0  oled.o(i.OLED_I2C_Init)
    i.OLED_I2C_SendByte                      0x08001070   Section        0  oled.o(i.OLED_I2C_SendByte)
    i.OLED_I2C_Start                         0x080010c4   Section        0  oled.o(i.OLED_I2C_Start)
    i.OLED_I2C_Stop                          0x080010f8   Section        0  oled.o(i.OLED_I2C_Stop)
    i.OLED_Init                              0x08001120   Section        0  oled.o(i.OLED_Init)
    i.OLED_Pow                               0x080011ce   Section        0  oled.o(i.OLED_Pow)
    i.OLED_SetCursor                         0x080011e2   Section        0  oled.o(i.OLED_SetCursor)
    i.OLED_ShowChar                          0x08001204   Section        0  oled.o(i.OLED_ShowChar)
    i.OLED_ShowNum                           0x08001278   Section        0  oled.o(i.OLED_ShowNum)
    i.OLED_ShowString                        0x080012bc   Section        0  oled.o(i.OLED_ShowString)
    i.OLED_WriteCommand                      0x080012e4   Section        0  oled.o(i.OLED_WriteCommand)
    i.OLED_WriteData                         0x08001304   Section        0  oled.o(i.OLED_WriteData)
    i.PWM_Init                               0x08001324   Section        0  pwm.o(i.PWM_Init)
    i.PWM_SetCompare1                        0x080013c0   Section        0  pwm.o(i.PWM_SetCompare1)
    i.RCC_ADCCLKConfig                       0x080013d0   Section        0  stm32f10x_rcc.o(i.RCC_ADCCLKConfig)
    i.RCC_APB1PeriphClockCmd                 0x080013e8   Section        0  stm32f10x_rcc.o(i.RCC_APB1PeriphClockCmd)
    i.RCC_APB2PeriphClockCmd                 0x08001408   Section        0  stm32f10x_rcc.o(i.RCC_APB2PeriphClockCmd)
    i.RCC_GetClocksFreq                      0x08001428   Section        0  stm32f10x_rcc.o(i.RCC_GetClocksFreq)
    i.Serial_Init                            0x080014fc   Section        0  serial.o(i.Serial_Init)
    i.Serial_SendByte                        0x080015b4   Section        0  serial.o(i.Serial_SendByte)
    i.Serial_SendString                      0x080015d4   Section        0  serial.o(i.Serial_SendString)
    i.SetSysClock                            0x080015ee   Section        0  system_stm32f10x.o(i.SetSysClock)
    SetSysClock                              0x080015ef   Thumb Code     8  system_stm32f10x.o(i.SetSysClock)
    i.SetSysClockTo72                        0x080015f8   Section        0  system_stm32f10x.o(i.SetSysClockTo72)
    SetSysClockTo72                          0x080015f9   Thumb Code   214  system_stm32f10x.o(i.SetSysClockTo72)
    i.SysTick_Handler                        0x080016d8   Section        0  port.o(i.SysTick_Handler)
    i.SystemInit                             0x0800170c   Section        0  system_stm32f10x.o(i.SystemInit)
    i.TI1_Config                             0x0800176c   Section        0  stm32f10x_tim.o(i.TI1_Config)
    TI1_Config                               0x0800176d   Thumb Code   108  stm32f10x_tim.o(i.TI1_Config)
    i.TI2_Config                             0x080017ec   Section        0  stm32f10x_tim.o(i.TI2_Config)
    TI2_Config                               0x080017ed   Thumb Code   130  stm32f10x_tim.o(i.TI2_Config)
    i.TI3_Config                             0x08001884   Section        0  stm32f10x_tim.o(i.TI3_Config)
    TI3_Config                               0x08001885   Thumb Code   122  stm32f10x_tim.o(i.TI3_Config)
    i.TI4_Config                             0x08001914   Section        0  stm32f10x_tim.o(i.TI4_Config)
    TI4_Config                               0x08001915   Thumb Code   130  stm32f10x_tim.o(i.TI4_Config)
    i.TIM4_IRQHandler                        0x080019ac   Section        0  timer.o(i.TIM4_IRQHandler)
    i.TIM_ClearFlag                          0x080019d4   Section        0  stm32f10x_tim.o(i.TIM_ClearFlag)
    i.TIM_ClearITPendingBit                  0x080019da   Section        0  stm32f10x_tim.o(i.TIM_ClearITPendingBit)
    i.TIM_Cmd                                0x080019e0   Section        0  stm32f10x_tim.o(i.TIM_Cmd)
    i.TIM_CtrlPWMOutputs                     0x080019f8   Section        0  stm32f10x_tim.o(i.TIM_CtrlPWMOutputs)
    i.TIM_EncoderInterfaceConfig             0x08001a16   Section        0  stm32f10x_tim.o(i.TIM_EncoderInterfaceConfig)
    i.TIM_GetCounter                         0x08001a58   Section        0  stm32f10x_tim.o(i.TIM_GetCounter)
    i.TIM_GetITStatus                        0x08001a5e   Section        0  stm32f10x_tim.o(i.TIM_GetITStatus)
    i.TIM_ICInit                             0x08001a80   Section        0  stm32f10x_tim.o(i.TIM_ICInit)
    i.TIM_ICStructInit                       0x08001b2c   Section        0  stm32f10x_tim.o(i.TIM_ICStructInit)
    i.TIM_ITConfig                           0x08001b3e   Section        0  stm32f10x_tim.o(i.TIM_ITConfig)
    i.TIM_InternalClockConfig                0x08001b50   Section        0  stm32f10x_tim.o(i.TIM_InternalClockConfig)
    i.TIM_OC1Init                            0x08001b5c   Section        0  stm32f10x_tim.o(i.TIM_OC1Init)
    i.TIM_OC1PreloadConfig                   0x08001bf4   Section        0  stm32f10x_tim.o(i.TIM_OC1PreloadConfig)
    i.TIM_OCStructInit                       0x08001c06   Section        0  stm32f10x_tim.o(i.TIM_OCStructInit)
    i.TIM_SetCompare1                        0x08001c1a   Section        0  stm32f10x_tim.o(i.TIM_SetCompare1)
    i.TIM_SetCounter                         0x08001c1e   Section        0  stm32f10x_tim.o(i.TIM_SetCounter)
    i.TIM_SetIC1Prescaler                    0x08001c22   Section        0  stm32f10x_tim.o(i.TIM_SetIC1Prescaler)
    i.TIM_SetIC2Prescaler                    0x08001c34   Section        0  stm32f10x_tim.o(i.TIM_SetIC2Prescaler)
    i.TIM_SetIC3Prescaler                    0x08001c4e   Section        0  stm32f10x_tim.o(i.TIM_SetIC3Prescaler)
    i.TIM_SetIC4Prescaler                    0x08001c60   Section        0  stm32f10x_tim.o(i.TIM_SetIC4Prescaler)
    i.TIM_TimeBaseInit                       0x08001c7c   Section        0  stm32f10x_tim.o(i.TIM_TimeBaseInit)
    i.Timer_Init                             0x08001d20   Section        0  timer.o(i.Timer_Init)
    i.USART1_IRQHandler                      0x08001d9c   Section        0  serial.o(i.USART1_IRQHandler)
    i.USART_ClearITPendingBit                0x08001e3c   Section        0  stm32f10x_usart.o(i.USART_ClearITPendingBit)
    i.USART_Cmd                              0x08001e5a   Section        0  stm32f10x_usart.o(i.USART_Cmd)
    i.USART_GetFlagStatus                    0x08001e72   Section        0  stm32f10x_usart.o(i.USART_GetFlagStatus)
    i.USART_GetITStatus                      0x08001e8c   Section        0  stm32f10x_usart.o(i.USART_GetITStatus)
    i.USART_ITConfig                         0x08001ee0   Section        0  stm32f10x_usart.o(i.USART_ITConfig)
    i.USART_Init                             0x08001f2c   Section        0  stm32f10x_usart.o(i.USART_Init)
    i.USART_ReceiveData                      0x08002004   Section        0  stm32f10x_usart.o(i.USART_ReceiveData)
    i.USART_SendData                         0x0800200e   Section        0  stm32f10x_usart.o(i.USART_SendData)
    i.UsageFault_Handler                     0x08002016   Section        0  stm32f10x_it.o(i.UsageFault_Handler)
    i.Voice_S                                0x0800201c   Section        0  main.o(i.Voice_S)
    i.main                                   0x08002054   Section        0  main.o(i.main)
    i.prvAddCurrentTaskToDelayedList         0x08002144   Section        0  tasks.o(i.prvAddCurrentTaskToDelayedList)
    prvAddCurrentTaskToDelayedList           0x08002145   Thumb Code   164  tasks.o(i.prvAddCurrentTaskToDelayedList)
    i.prvAddNewTaskToReadyList               0x08002204   Section        0  tasks.o(i.prvAddNewTaskToReadyList)
    prvAddNewTaskToReadyList                 0x08002205   Thumb Code   200  tasks.o(i.prvAddNewTaskToReadyList)
    i.prvCheckTasksWaitingTermination        0x080022e8   Section        0  tasks.o(i.prvCheckTasksWaitingTermination)
    prvCheckTasksWaitingTermination          0x080022e9   Thumb Code    60  tasks.o(i.prvCheckTasksWaitingTermination)
    i.prvDeleteTCB                           0x08002330   Section        0  tasks.o(i.prvDeleteTCB)
    prvDeleteTCB                             0x08002331   Thumb Code    18  tasks.o(i.prvDeleteTCB)
    i.prvHeapInit                            0x08002344   Section        0  heap_4.o(i.prvHeapInit)
    prvHeapInit                              0x08002345   Thumb Code    90  heap_4.o(i.prvHeapInit)
    i.prvIdleTask                            0x080023b4   Section        0  tasks.o(i.prvIdleTask)
    prvIdleTask                              0x080023b5   Thumb Code    32  tasks.o(i.prvIdleTask)
    i.prvInitialiseNewTask                   0x080023dc   Section        0  tasks.o(i.prvInitialiseNewTask)
    prvInitialiseNewTask                     0x080023dd   Thumb Code   122  tasks.o(i.prvInitialiseNewTask)
    i.prvInitialiseTaskLists                 0x08002458   Section        0  tasks.o(i.prvInitialiseTaskLists)
    prvInitialiseTaskLists                   0x08002459   Thumb Code    70  tasks.o(i.prvInitialiseTaskLists)
    i.prvInsertBlockIntoFreeList             0x080024c0   Section        0  heap_4.o(i.prvInsertBlockIntoFreeList)
    prvInsertBlockIntoFreeList               0x080024c1   Thumb Code    96  heap_4.o(i.prvInsertBlockIntoFreeList)
    i.prvResetNextTaskUnblockTime            0x08002528   Section        0  tasks.o(i.prvResetNextTaskUnblockTime)
    prvResetNextTaskUnblockTime              0x08002529   Thumb Code    40  tasks.o(i.prvResetNextTaskUnblockTime)
    i.prvTaskExitError                       0x08002558   Section        0  port.o(i.prvTaskExitError)
    prvTaskExitError                         0x08002559   Thumb Code    22  port.o(i.prvTaskExitError)
    i.pvPortMalloc                           0x08002570   Section        0  heap_4.o(i.pvPortMalloc)
    i.pxPortInitialiseStack                  0x08002654   Section        0  port.o(i.pxPortInitialiseStack)
    i.uxListRemove                           0x08002678   Section        0  list.o(i.uxListRemove)
    i.vListInitialise                        0x080026a0   Section        0  list.o(i.vListInitialise)
    i.vListInitialiseItem                    0x080026ba   Section        0  list.o(i.vListInitialiseItem)
    i.vListInsert                            0x080026c0   Section        0  list.o(i.vListInsert)
    i.vPortEnterCritical                     0x080026f4   Section        0  port.o(i.vPortEnterCritical)
    i.vPortExitCritical                      0x08002718   Section        0  port.o(i.vPortExitCritical)
    i.vPortFree                              0x08002738   Section        0  heap_4.o(i.vPortFree)
    i.vPortSetupTimerInterrupt               0x08002784   Section        0  port.o(i.vPortSetupTimerInterrupt)
    i.vTaskDelay                             0x0800279c   Section        0  tasks.o(i.vTaskDelay)
    i.vTaskStartScheduler                    0x080027d0   Section        0  tasks.o(i.vTaskStartScheduler)
    i.vTaskSuspendAll                        0x0800283c   Section        0  tasks.o(i.vTaskSuspendAll)
    i.vTaskSwitchContext                     0x0800284c   Section        0  tasks.o(i.vTaskSwitchContext)
    i.xPortStartScheduler                    0x080028ac   Section        0  port.o(i.xPortStartScheduler)
    i.xTaskCreate                            0x080028e0   Section        0  tasks.o(i.xTaskCreate)
    i.xTaskIncrementTick                     0x08002948   Section        0  tasks.o(i.xTaskIncrementTick)
    i.xTaskResumeAll                         0x08002ad8   Section        0  tasks.o(i.xTaskResumeAll)
    .constdata                               0x08002c34   Section     1520  oled.o(.constdata)
    .data                                    0x20000000   Section       20  stm32f10x_rcc.o(.data)
    APBAHBPrescTable                         0x20000000   Data          16  stm32f10x_rcc.o(.data)
    ADCPrescTable                            0x20000010   Data           4  stm32f10x_rcc.o(.data)
    .data                                    0x20000014   Section       64  tasks.o(.data)
    pxDelayedTaskList                        0x20000018   Data           4  tasks.o(.data)
    pxOverflowDelayedTaskList                0x2000001c   Data           4  tasks.o(.data)
    uxDeletedTasksWaitingCleanUp             0x20000020   Data           4  tasks.o(.data)
    uxCurrentNumberOfTasks                   0x20000024   Data           4  tasks.o(.data)
    xTickCount                               0x20000028   Data           4  tasks.o(.data)
    uxTopReadyPriority                       0x2000002c   Data           4  tasks.o(.data)
    xSchedulerRunning                        0x20000030   Data           4  tasks.o(.data)
    xPendedTicks                             0x20000034   Data           4  tasks.o(.data)
    xYieldPending                            0x20000038   Data           4  tasks.o(.data)
    xNumOfOverflows                          0x2000003c   Data           4  tasks.o(.data)
    uxTaskNumber                             0x20000040   Data           4  tasks.o(.data)
    xNextTaskUnblockTime                     0x20000044   Data           4  tasks.o(.data)
    xIdleTaskHandle                          0x20000048   Data           4  tasks.o(.data)
    uxSchedulerSuspended                     0x20000050   Data           4  tasks.o(.data)
    .data                                    0x20000054   Section       28  heap_4.o(.data)
    xStart                                   0x20000054   Data           8  heap_4.o(.data)
    pxEnd                                    0x2000005c   Data           4  heap_4.o(.data)
    xFreeBytesRemaining                      0x20000060   Data           4  heap_4.o(.data)
    xMinimumEverFreeBytesRemaining           0x20000064   Data           4  heap_4.o(.data)
    xNumberOfSuccessfulAllocations           0x20000068   Data           4  heap_4.o(.data)
    xNumberOfSuccessfulFrees                 0x2000006c   Data           4  heap_4.o(.data)
    .data                                    0x20000070   Section        4  port.o(.data)
    uxCriticalNesting                        0x20000070   Data           4  port.o(.data)
    .data                                    0x20000074   Section        3  serial.o(.data)
    RxState                                  0x20000075   Data           1  serial.o(.data)
    pRxPacket                                0x20000076   Data           1  serial.o(.data)
    .data                                    0x20000078   Section        2  timer.o(.data)
    .data                                    0x2000007c   Section       16  main.o(.data)
    .bss                                     0x2000008c   Section      200  tasks.o(.bss)
    pxReadyTasksLists                        0x2000008c   Data         100  tasks.o(.bss)
    xDelayedTaskList1                        0x200000f0   Data          20  tasks.o(.bss)
    xDelayedTaskList2                        0x20000104   Data          20  tasks.o(.bss)
    xPendingReadyList                        0x20000118   Data          20  tasks.o(.bss)
    xTasksWaitingTermination                 0x2000012c   Data          20  tasks.o(.bss)
    xSuspendedTaskList                       0x20000140   Data          20  tasks.o(.bss)
    .bss                                     0x20000154   Section    17408  heap_4.o(.bss)
    ucHeap                                   0x20000154   Data       17408  heap_4.o(.bss)
    .bss                                     0x20004554   Section      100  serial.o(.bss)
    .bss                                     0x200045b8   Section       96  libspace.o(.bss)
    HEAP                                     0x20004618   Section      512  startup_stm32f10x_md.o(HEAP)
    Heap_Mem                                 0x20004618   Data         512  startup_stm32f10x_md.o(HEAP)
    STACK                                    0x20004818   Section     1024  startup_stm32f10x_md.o(STACK)
    Stack_Mem                                0x20004818   Data        1024  startup_stm32f10x_md.o(STACK)
    __initial_sp                             0x20004c18   Data           0  startup_stm32f10x_md.o(STACK)

    Global Symbols

    Symbol Name                              Value     Ov Type        Size  Object(Section)

    BuildAttributes$$THM_ISAv4$P$D$K$B$S$PE$A:L22UL41UL21$X:L11$S22US41US21$IEEE1$IW$USESV6$~STKCKD$USESV7$~SHL$OTIME$ROPI$IEEEJ$EBA8$UX$STANDARDLIB$REQ8$PRES8$EABIv2 0x00000000   Number         0  anon$$obj.o ABSOLUTE
    __ARM_use_no_argv                        0x00000000   Number         0  main.o ABSOLUTE
    _printf_flags                            0x00000000   Number         0  printf_stubs.o ABSOLUTE
    _printf_return_value                     0x00000000   Number         0  printf_stubs.o ABSOLUTE
    _printf_sizespec                         0x00000000   Number         0  printf_stubs.o ABSOLUTE
    _printf_widthprec                        0x00000000   Number         0  printf_stubs.o ABSOLUTE
    __ARM_exceptions_init                     - Undefined Weak Reference
    __alloca_initialize                       - Undefined Weak Reference
    __arm_preinit_                            - Undefined Weak Reference
    __cpp_initialize__aeabi_                  - Undefined Weak Reference
    __cxa_finalize                            - Undefined Weak Reference
    __sigvec_lookup                           - Undefined Weak Reference
    _atexit_init                              - Undefined Weak Reference
    _call_atexit_fns                          - Undefined Weak Reference
    _clock_init                               - Undefined Weak Reference
    _fp_trap_init                             - Undefined Weak Reference
    _fp_trap_shutdown                         - Undefined Weak Reference
    _get_lc_collate                           - Undefined Weak Reference
    _get_lc_monetary                          - Undefined Weak Reference
    _get_lc_time                              - Undefined Weak Reference
    _getenv_init                              - Undefined Weak Reference
    _handle_redirection                       - Undefined Weak Reference
    _init_alloc                               - Undefined Weak Reference
    _init_user_alloc                          - Undefined Weak Reference
    _initio                                   - Undefined Weak Reference
    _printf_mbtowc                            - Undefined Weak Reference
    _printf_wc                                - Undefined Weak Reference
    _rand_init                                - Undefined Weak Reference
    _signal_finish                            - Undefined Weak Reference
    _signal_init                              - Undefined Weak Reference
    _terminate_alloc                          - Undefined Weak Reference
    _terminate_user_alloc                     - Undefined Weak Reference
    _terminateio                              - Undefined Weak Reference
    __Vectors_Size                           0x000000ec   Number         0  startup_stm32f10x_md.o ABSOLUTE
    __Vectors                                0x08000000   Data           4  startup_stm32f10x_md.o(RESET)
    __Vectors_End                            0x080000ec   Data           0  startup_stm32f10x_md.o(RESET)
    __main                                   0x080000ed   Thumb Code     8  __main.o(!!!main)
    __scatterload                            0x080000f5   Thumb Code     0  __scatter.o(!!!scatter)
    __scatterload_rt2                        0x080000f5   Thumb Code    44  __scatter.o(!!!scatter)
    __scatterload_rt2_thumb_only             0x080000f5   Thumb Code     0  __scatter.o(!!!scatter)
    __scatterload_null                       0x08000103   Thumb Code     0  __scatter.o(!!!scatter)
    __scatterload_copy                       0x08000129   Thumb Code    26  __scatter_copy.o(!!handler_copy)
    __scatterload_zeroinit                   0x08000145   Thumb Code    28  __scatter_zi.o(!!handler_zi)
    __rt_lib_init                            0x08000161   Thumb Code     0  libinit.o(.ARM.Collect$$libinit$$00000000)
    __rt_lib_init_alloca_1                   0x08000163   Thumb Code     0  libinit2.o(.ARM.Collect$$libinit$$0000002E)
    __rt_lib_init_argv_1                     0x08000163   Thumb Code     0  libinit2.o(.ARM.Collect$$libinit$$0000002C)
    __rt_lib_init_atexit_1                   0x08000163   Thumb Code     0  libinit2.o(.ARM.Collect$$libinit$$0000001B)
    __rt_lib_init_clock_1                    0x08000163   Thumb Code     0  libinit2.o(.ARM.Collect$$libinit$$00000021)
    __rt_lib_init_cpp_1                      0x08000163   Thumb Code     0  libinit2.o(.ARM.Collect$$libinit$$00000032)
    __rt_lib_init_exceptions_1               0x08000163   Thumb Code     0  libinit2.o(.ARM.Collect$$libinit$$00000030)
    __rt_lib_init_fp_1                       0x08000163   Thumb Code     0  libinit2.o(.ARM.Collect$$libinit$$00000002)
    __rt_lib_init_fp_trap_1                  0x08000163   Thumb Code     0  libinit2.o(.ARM.Collect$$libinit$$0000001F)
    __rt_lib_init_getenv_1                   0x08000163   Thumb Code     0  libinit2.o(.ARM.Collect$$libinit$$00000023)
    __rt_lib_init_heap_1                     0x08000163   Thumb Code     0  libinit2.o(.ARM.Collect$$libinit$$0000000A)
    __rt_lib_init_lc_collate_1               0x08000163   Thumb Code     0  libinit2.o(.ARM.Collect$$libinit$$00000011)
    __rt_lib_init_lc_ctype_1                 0x08000163   Thumb Code     0  libinit2.o(.ARM.Collect$$libinit$$00000013)
    __rt_lib_init_lc_monetary_1              0x08000163   Thumb Code     0  libinit2.o(.ARM.Collect$$libinit$$00000015)
    __rt_lib_init_lc_numeric_1               0x08000163   Thumb Code     0  libinit2.o(.ARM.Collect$$libinit$$00000017)
    __rt_lib_init_lc_time_1                  0x08000163   Thumb Code     0  libinit2.o(.ARM.Collect$$libinit$$00000019)
    __rt_lib_init_preinit_1                  0x08000163   Thumb Code     0  libinit2.o(.ARM.Collect$$libinit$$00000004)
    __rt_lib_init_rand_1                     0x08000163   Thumb Code     0  libinit2.o(.ARM.Collect$$libinit$$0000000E)
    __rt_lib_init_return                     0x08000163   Thumb Code     0  libinit2.o(.ARM.Collect$$libinit$$00000033)
    __rt_lib_init_signal_1                   0x08000163   Thumb Code     0  libinit2.o(.ARM.Collect$$libinit$$0000001D)
    __rt_lib_init_stdio_1                    0x08000163   Thumb Code     0  libinit2.o(.ARM.Collect$$libinit$$00000025)
    __rt_lib_init_user_alloc_1               0x08000163   Thumb Code     0  libinit2.o(.ARM.Collect$$libinit$$0000000C)
    __rt_lib_shutdown                        0x08000165   Thumb Code     0  libshutdown.o(.ARM.Collect$$libshutdown$$00000000)
    __rt_lib_shutdown_cpp_1                  0x08000167   Thumb Code     0  libshutdown2.o(.ARM.Collect$$libshutdown$$00000002)
    __rt_lib_shutdown_fp_trap_1              0x08000167   Thumb Code     0  libshutdown2.o(.ARM.Collect$$libshutdown$$00000007)
    __rt_lib_shutdown_heap_1                 0x08000167   Thumb Code     0  libshutdown2.o(.ARM.Collect$$libshutdown$$0000000F)
    __rt_lib_shutdown_return                 0x08000167   Thumb Code     0  libshutdown2.o(.ARM.Collect$$libshutdown$$00000010)
    __rt_lib_shutdown_signal_1               0x08000167   Thumb Code     0  libshutdown2.o(.ARM.Collect$$libshutdown$$0000000A)
    __rt_lib_shutdown_stdio_1                0x08000167   Thumb Code     0  libshutdown2.o(.ARM.Collect$$libshutdown$$00000004)
    __rt_lib_shutdown_user_alloc_1           0x08000167   Thumb Code     0  libshutdown2.o(.ARM.Collect$$libshutdown$$0000000C)
    __rt_entry                               0x08000169   Thumb Code     0  __rtentry.o(.ARM.Collect$$rtentry$$00000000)
    __rt_entry_presh_1                       0x08000169   Thumb Code     0  __rtentry2.o(.ARM.Collect$$rtentry$$00000002)
    __rt_entry_sh                            0x08000169   Thumb Code     0  __rtentry4.o(.ARM.Collect$$rtentry$$00000004)
    __rt_entry_li                            0x0800016f   Thumb Code     0  __rtentry2.o(.ARM.Collect$$rtentry$$0000000A)
    __rt_entry_postsh_1                      0x0800016f   Thumb Code     0  __rtentry2.o(.ARM.Collect$$rtentry$$00000009)
    __rt_entry_main                          0x08000173   Thumb Code     0  __rtentry2.o(.ARM.Collect$$rtentry$$0000000D)
    __rt_entry_postli_1                      0x08000173   Thumb Code     0  __rtentry2.o(.ARM.Collect$$rtentry$$0000000C)
    __rt_exit                                0x0800017b   Thumb Code     0  rtexit.o(.ARM.Collect$$rtexit$$00000000)
    __rt_exit_ls                             0x0800017d   Thumb Code     0  rtexit2.o(.ARM.Collect$$rtexit$$00000003)
    __rt_exit_prels_1                        0x0800017d   Thumb Code     0  rtexit2.o(.ARM.Collect$$rtexit$$00000002)
    __rt_exit_exit                           0x08000181   Thumb Code     0  rtexit2.o(.ARM.Collect$$rtexit$$00000004)
    SVC_Handler                              0x08000189   Thumb Code    32  port.o(.emb_text)
    __asm___6_port_c_39a90d8d__prvStartFirstTask 0x080001ad   Thumb Code    28  port.o(.emb_text)
    PendSV_Handler                           0x080001cd   Thumb Code    72  port.o(.emb_text)
    vPortGetIPSR                             0x08000219   Thumb Code     6  port.o(.emb_text)
    Reset_Handler                            0x08000221   Thumb Code     8  startup_stm32f10x_md.o(.text)
    ADC1_2_IRQHandler                        0x0800023b   Thumb Code     0  startup_stm32f10x_md.o(.text)
    CAN1_RX1_IRQHandler                      0x0800023b   Thumb Code     0  startup_stm32f10x_md.o(.text)
    CAN1_SCE_IRQHandler                      0x0800023b   Thumb Code     0  startup_stm32f10x_md.o(.text)
    DMA1_Channel1_IRQHandler                 0x0800023b   Thumb Code     0  startup_stm32f10x_md.o(.text)
    DMA1_Channel2_IRQHandler                 0x0800023b   Thumb Code     0  startup_stm32f10x_md.o(.text)
    DMA1_Channel3_IRQHandler                 0x0800023b   Thumb Code     0  startup_stm32f10x_md.o(.text)
    DMA1_Channel4_IRQHandler                 0x0800023b   Thumb Code     0  startup_stm32f10x_md.o(.text)
    DMA1_Channel5_IRQHandler                 0x0800023b   Thumb Code     0  startup_stm32f10x_md.o(.text)
    DMA1_Channel6_IRQHandler                 0x0800023b   Thumb Code     0  startup_stm32f10x_md.o(.text)
    DMA1_Channel7_IRQHandler                 0x0800023b   Thumb Code     0  startup_stm32f10x_md.o(.text)
    EXTI0_IRQHandler                         0x0800023b   Thumb Code     0  startup_stm32f10x_md.o(.text)
    EXTI15_10_IRQHandler                     0x0800023b   Thumb Code     0  startup_stm32f10x_md.o(.text)
    EXTI1_IRQHandler                         0x0800023b   Thumb Code     0  startup_stm32f10x_md.o(.text)
    EXTI2_IRQHandler                         0x0800023b   Thumb Code     0  startup_stm32f10x_md.o(.text)
    EXTI3_IRQHandler                         0x0800023b   Thumb Code     0  startup_stm32f10x_md.o(.text)
    EXTI4_IRQHandler                         0x0800023b   Thumb Code     0  startup_stm32f10x_md.o(.text)
    EXTI9_5_IRQHandler                       0x0800023b   Thumb Code     0  startup_stm32f10x_md.o(.text)
    FLASH_IRQHandler                         0x0800023b   Thumb Code     0  startup_stm32f10x_md.o(.text)
    I2C1_ER_IRQHandler                       0x0800023b   Thumb Code     0  startup_stm32f10x_md.o(.text)
    I2C1_EV_IRQHandler                       0x0800023b   Thumb Code     0  startup_stm32f10x_md.o(.text)
    I2C2_ER_IRQHandler                       0x0800023b   Thumb Code     0  startup_stm32f10x_md.o(.text)
    I2C2_EV_IRQHandler                       0x0800023b   Thumb Code     0  startup_stm32f10x_md.o(.text)
    PVD_IRQHandler                           0x0800023b   Thumb Code     0  startup_stm32f10x_md.o(.text)
    RCC_IRQHandler                           0x0800023b   Thumb Code     0  startup_stm32f10x_md.o(.text)
    RTCAlarm_IRQHandler                      0x0800023b   Thumb Code     0  startup_stm32f10x_md.o(.text)
    RTC_IRQHandler                           0x0800023b   Thumb Code     0  startup_stm32f10x_md.o(.text)
    SPI1_IRQHandler                          0x0800023b   Thumb Code     0  startup_stm32f10x_md.o(.text)
    SPI2_IRQHandler                          0x0800023b   Thumb Code     0  startup_stm32f10x_md.o(.text)
    TAMPER_IRQHandler                        0x0800023b   Thumb Code     0  startup_stm32f10x_md.o(.text)
    TIM1_BRK_IRQHandler                      0x0800023b   Thumb Code     0  startup_stm32f10x_md.o(.text)
    TIM1_CC_IRQHandler                       0x0800023b   Thumb Code     0  startup_stm32f10x_md.o(.text)
    TIM1_TRG_COM_IRQHandler                  0x0800023b   Thumb Code     0  startup_stm32f10x_md.o(.text)
    TIM1_UP_IRQHandler                       0x0800023b   Thumb Code     0  startup_stm32f10x_md.o(.text)
    TIM2_IRQHandler                          0x0800023b   Thumb Code     0  startup_stm32f10x_md.o(.text)
    TIM3_IRQHandler                          0x0800023b   Thumb Code     0  startup_stm32f10x_md.o(.text)
    USART2_IRQHandler                        0x0800023b   Thumb Code     0  startup_stm32f10x_md.o(.text)
    USART3_IRQHandler                        0x0800023b   Thumb Code     0  startup_stm32f10x_md.o(.text)
    USBWakeUp_IRQHandler                     0x0800023b   Thumb Code     0  startup_stm32f10x_md.o(.text)
    USB_HP_CAN1_TX_IRQHandler                0x0800023b   Thumb Code     0  startup_stm32f10x_md.o(.text)
    USB_LP_CAN1_RX0_IRQHandler               0x0800023b   Thumb Code     0  startup_stm32f10x_md.o(.text)
    WWDG_IRQHandler                          0x0800023b   Thumb Code     0  startup_stm32f10x_md.o(.text)
    __user_initial_stackheap                 0x0800023d   Thumb Code     0  startup_stm32f10x_md.o(.text)
    __aeabi_memclr4                          0x08000261   Thumb Code     0  rt_memclr_w.o(.text)
    __aeabi_memclr8                          0x08000261   Thumb Code     0  rt_memclr_w.o(.text)
    __rt_memclr_w                            0x08000261   Thumb Code    78  rt_memclr_w.o(.text)
    _memset_w                                0x08000265   Thumb Code     0  rt_memclr_w.o(.text)
    strcmp                                   0x080002b1   Thumb Code   128  strcmpv7m.o(.text)
    __use_two_region_memory                  0x08000331   Thumb Code     2  heapauxi.o(.text)
    __rt_heap_escrow$2region                 0x08000333   Thumb Code     2  heapauxi.o(.text)
    __rt_heap_expand$2region                 0x08000335   Thumb Code     2  heapauxi.o(.text)
    __user_setup_stackheap                   0x08000337   Thumb Code    74  sys_stackheap_outer.o(.text)
    exit                                     0x08000381   Thumb Code    18  exit.o(.text)
    __user_libspace                          0x08000395   Thumb Code     8  libspace.o(.text)
    __user_perproc_libspace                  0x08000395   Thumb Code     0  libspace.o(.text)
    __user_perthread_libspace                0x08000395   Thumb Code     0  libspace.o(.text)
    _sys_exit                                0x0800039d   Thumb Code     8  sys_exit.o(.text)
    __I$use$semihosting                      0x080003a9   Thumb Code     0  use_no_semi.o(.text)
    __use_no_semihosting_swi                 0x080003a9   Thumb Code     2  use_no_semi.o(.text)
    __semihosting_library_function           0x080003ab   Thumb Code     0  indicate_semi.o(.text)
    AD2_GetValue                             0x080003ad   Thumb Code    46  ad.o(i.AD2_GetValue)
    ADC_Cmd                                  0x080003e1   Thumb Code    22  stm32f10x_adc.o(i.ADC_Cmd)
    ADC_GetCalibrationStatus                 0x080003f7   Thumb Code    20  stm32f10x_adc.o(i.ADC_GetCalibrationStatus)
    ADC_GetConversionValue                   0x0800040b   Thumb Code     8  stm32f10x_adc.o(i.ADC_GetConversionValue)
    ADC_GetFlagStatus                        0x08000413   Thumb Code    18  stm32f10x_adc.o(i.ADC_GetFlagStatus)
    ADC_GetResetCalibrationStatus            0x08000425   Thumb Code    20  stm32f10x_adc.o(i.ADC_GetResetCalibrationStatus)
    ADC_Init                                 0x08000439   Thumb Code    70  stm32f10x_adc.o(i.ADC_Init)
    ADC_RegularChannelConfig                 0x08000489   Thumb Code   184  stm32f10x_adc.o(i.ADC_RegularChannelConfig)
    ADC_ResetCalibration                     0x08000541   Thumb Code    10  stm32f10x_adc.o(i.ADC_ResetCalibration)
    ADC_SoftwareStartConvCmd                 0x0800054b   Thumb Code    22  stm32f10x_adc.o(i.ADC_SoftwareStartConvCmd)
    ADC_StartCalibration                     0x08000561   Thumb Code    10  stm32f10x_adc.o(i.ADC_StartCalibration)
    AD_GetValue                              0x0800056d   Thumb Code    46  ad.o(i.AD_GetValue)
    AD_Init                                  0x080005a1   Thumb Code   226  ad.o(i.AD_Init)
    ASRPRO                                   0x08000691   Thumb Code   578  main.o(i.ASRPRO)
    BusFault_Handler                         0x0800096d   Thumb Code     4  stm32f10x_it.o(i.BusFault_Handler)
    Buzzer_Init                              0x08000971   Thumb Code    48  buzzer.o(i.Buzzer_Init)
    Buzzer_OFF                               0x080009a5   Thumb Code    14  buzzer.o(i.Buzzer_OFF)
    Buzzer_ON                                0x080009b9   Thumb Code    14  buzzer.o(i.Buzzer_ON)
    DebugMon_Handler                         0x080009cd   Thumb Code     2  stm32f10x_it.o(i.DebugMon_Handler)
    Delay_ms                                 0x080009cf   Thumb Code    24  delay.o(i.Delay_ms)
    Delay_us                                 0x080009e7   Thumb Code    46  delay.o(i.Delay_us)
    Encoder_Get                              0x08000a15   Thumb Code    52  encoder.o(i.Encoder_Get)
    Encoder_Init                             0x08000a4d   Thumb Code   144  encoder.o(i.Encoder_Init)
    Fire_S                                   0x08000ae5   Thumb Code    74  main.o(i.Fire_S)
    GPIO_Init                                0x08000b39   Thumb Code   278  stm32f10x_gpio.o(i.GPIO_Init)
    GPIO_ReadInputDataBit                    0x08000c4f   Thumb Code    18  stm32f10x_gpio.o(i.GPIO_ReadInputDataBit)
    GPIO_ResetBits                           0x08000c61   Thumb Code     4  stm32f10x_gpio.o(i.GPIO_ResetBits)
    GPIO_SetBits                             0x08000c65   Thumb Code     4  stm32f10x_gpio.o(i.GPIO_SetBits)
    GPIO_WriteBit                            0x08000c69   Thumb Code    10  stm32f10x_gpio.o(i.GPIO_WriteBit)
    HardFault_Handler                        0x08000c73   Thumb Code     4  stm32f10x_it.o(i.HardFault_Handler)
    LED1_OFF                                 0x08000c79   Thumb Code    14  led.o(i.LED1_OFF)
    LED1_ON                                  0x08000c8d   Thumb Code    14  led.o(i.LED1_ON)
    LED2_OFF                                 0x08000ca1   Thumb Code    14  led.o(i.LED2_OFF)
    LED2_ON                                  0x08000cb5   Thumb Code    14  led.o(i.LED2_ON)
    LED3_OFF                                 0x08000cc9   Thumb Code    14  led.o(i.LED3_OFF)
    LED3_ON                                  0x08000cdd   Thumb Code    14  led.o(i.LED3_ON)
    LED_Init                                 0x08000cf1   Thumb Code   104  led.o(i.LED_Init)
    LED_Sys                                  0x08000d61   Thumb Code    46  main.o(i.LED_Sys)
    LightSenor_Get                           0x08000d99   Thumb Code    14  lightsensor.o(i.LightSenor_Get)
    LightSensor_Init                         0x08000dad   Thumb Code    40  lightsensor.o(i.LightSensor_Init)
    Light_LED                                0x08000dd9   Thumb Code    46  main.o(i.Light_LED)
    MemManage_Handler                        0x08000e11   Thumb Code     4  stm32f10x_it.o(i.MemManage_Handler)
    MoterTimer_Init                          0x08000e15   Thumb Code   204  ds_timer.o(i.MoterTimer_Init)
    Moter_PWM_SetCompare1                    0x08000ee9   Thumb Code    14  ds_timer.o(i.Moter_PWM_SetCompare1)
    Motor_Init                               0x08000efd   Thumb Code    42  motor.o(i.Motor_Init)
    Motor_SetSpeed                           0x08000f2d   Thumb Code    58  motor.o(i.Motor_SetSpeed)
    NMI_Handler                              0x08000f6d   Thumb Code     2  stm32f10x_it.o(i.NMI_Handler)
    NVIC_Init                                0x08000f71   Thumb Code   100  misc.o(i.NVIC_Init)
    NVIC_PriorityGroupConfig                 0x08000fe1   Thumb Code    10  misc.o(i.NVIC_PriorityGroupConfig)
    OLED_Clear                               0x08000ff5   Thumb Code    42  oled.o(i.OLED_Clear)
    OLED_I2C_Init                            0x08001021   Thumb Code    76  oled.o(i.OLED_I2C_Init)
    OLED_I2C_SendByte                        0x08001071   Thumb Code    80  oled.o(i.OLED_I2C_SendByte)
    OLED_I2C_Start                           0x080010c5   Thumb Code    48  oled.o(i.OLED_I2C_Start)
    OLED_I2C_Stop                            0x080010f9   Thumb Code    36  oled.o(i.OLED_I2C_Stop)
    OLED_Init                                0x08001121   Thumb Code   174  oled.o(i.OLED_Init)
    OLED_Pow                                 0x080011cf   Thumb Code    20  oled.o(i.OLED_Pow)
    OLED_SetCursor                           0x080011e3   Thumb Code    34  oled.o(i.OLED_SetCursor)
    OLED_ShowChar                            0x08001205   Thumb Code   110  oled.o(i.OLED_ShowChar)
    OLED_ShowNum                             0x08001279   Thumb Code    68  oled.o(i.OLED_ShowNum)
    OLED_ShowString                          0x080012bd   Thumb Code    40  oled.o(i.OLED_ShowString)
    OLED_WriteCommand                        0x080012e5   Thumb Code    32  oled.o(i.OLED_WriteCommand)
    OLED_WriteData                           0x08001305   Thumb Code    32  oled.o(i.OLED_WriteData)
    PWM_Init                                 0x08001325   Thumb Code   152  pwm.o(i.PWM_Init)
    PWM_SetCompare1                          0x080013c1   Thumb Code    16  pwm.o(i.PWM_SetCompare1)
    RCC_ADCCLKConfig                         0x080013d1   Thumb Code    18  stm32f10x_rcc.o(i.RCC_ADCCLKConfig)
    RCC_APB1PeriphClockCmd                   0x080013e9   Thumb Code    26  stm32f10x_rcc.o(i.RCC_APB1PeriphClockCmd)
    RCC_APB2PeriphClockCmd                   0x08001409   Thumb Code    26  stm32f10x_rcc.o(i.RCC_APB2PeriphClockCmd)
    RCC_GetClocksFreq                        0x08001429   Thumb Code   192  stm32f10x_rcc.o(i.RCC_GetClocksFreq)
    Serial_Init                              0x080014fd   Thumb Code   174  serial.o(i.Serial_Init)
    Serial_SendByte                          0x080015b5   Thumb Code    28  serial.o(i.Serial_SendByte)
    Serial_SendString                        0x080015d5   Thumb Code    26  serial.o(i.Serial_SendString)
    SysTick_Handler                          0x080016d9   Thumb Code    46  port.o(i.SysTick_Handler)
    SystemInit                               0x0800170d   Thumb Code    78  system_stm32f10x.o(i.SystemInit)
    TIM4_IRQHandler                          0x080019ad   Thumb Code    32  timer.o(i.TIM4_IRQHandler)
    TIM_ClearFlag                            0x080019d5   Thumb Code     6  stm32f10x_tim.o(i.TIM_ClearFlag)
    TIM_ClearITPendingBit                    0x080019db   Thumb Code     6  stm32f10x_tim.o(i.TIM_ClearITPendingBit)
    TIM_Cmd                                  0x080019e1   Thumb Code    24  stm32f10x_tim.o(i.TIM_Cmd)
    TIM_CtrlPWMOutputs                       0x080019f9   Thumb Code    30  stm32f10x_tim.o(i.TIM_CtrlPWMOutputs)
    TIM_EncoderInterfaceConfig               0x08001a17   Thumb Code    66  stm32f10x_tim.o(i.TIM_EncoderInterfaceConfig)
    TIM_GetCounter                           0x08001a59   Thumb Code     6  stm32f10x_tim.o(i.TIM_GetCounter)
    TIM_GetITStatus                          0x08001a5f   Thumb Code    34  stm32f10x_tim.o(i.TIM_GetITStatus)
    TIM_ICInit                               0x08001a81   Thumb Code   150  stm32f10x_tim.o(i.TIM_ICInit)
    TIM_ICStructInit                         0x08001b2d   Thumb Code    18  stm32f10x_tim.o(i.TIM_ICStructInit)
    TIM_ITConfig                             0x08001b3f   Thumb Code    18  stm32f10x_tim.o(i.TIM_ITConfig)
    TIM_InternalClockConfig                  0x08001b51   Thumb Code    12  stm32f10x_tim.o(i.TIM_InternalClockConfig)
    TIM_OC1Init                              0x08001b5d   Thumb Code   132  stm32f10x_tim.o(i.TIM_OC1Init)
    TIM_OC1PreloadConfig                     0x08001bf5   Thumb Code    18  stm32f10x_tim.o(i.TIM_OC1PreloadConfig)
    TIM_OCStructInit                         0x08001c07   Thumb Code    20  stm32f10x_tim.o(i.TIM_OCStructInit)
    TIM_SetCompare1                          0x08001c1b   Thumb Code     4  stm32f10x_tim.o(i.TIM_SetCompare1)
    TIM_SetCounter                           0x08001c1f   Thumb Code     4  stm32f10x_tim.o(i.TIM_SetCounter)
    TIM_SetIC1Prescaler                      0x08001c23   Thumb Code    18  stm32f10x_tim.o(i.TIM_SetIC1Prescaler)
    TIM_SetIC2Prescaler                      0x08001c35   Thumb Code    26  stm32f10x_tim.o(i.TIM_SetIC2Prescaler)
    TIM_SetIC3Prescaler                      0x08001c4f   Thumb Code    18  stm32f10x_tim.o(i.TIM_SetIC3Prescaler)
    TIM_SetIC4Prescaler                      0x08001c61   Thumb Code    26  stm32f10x_tim.o(i.TIM_SetIC4Prescaler)
    TIM_TimeBaseInit                         0x08001c7d   Thumb Code   122  stm32f10x_tim.o(i.TIM_TimeBaseInit)
    Timer_Init                               0x08001d21   Thumb Code   120  timer.o(i.Timer_Init)
    USART1_IRQHandler                        0x08001d9d   Thumb Code   140  serial.o(i.USART1_IRQHandler)
    USART_ClearITPendingBit                  0x08001e3d   Thumb Code    30  stm32f10x_usart.o(i.USART_ClearITPendingBit)
    USART_Cmd                                0x08001e5b   Thumb Code    24  stm32f10x_usart.o(i.USART_Cmd)
    USART_GetFlagStatus                      0x08001e73   Thumb Code    26  stm32f10x_usart.o(i.USART_GetFlagStatus)
    USART_GetITStatus                        0x08001e8d   Thumb Code    84  stm32f10x_usart.o(i.USART_GetITStatus)
    USART_ITConfig                           0x08001ee1   Thumb Code    74  stm32f10x_usart.o(i.USART_ITConfig)
    USART_Init                               0x08001f2d   Thumb Code   210  stm32f10x_usart.o(i.USART_Init)
    USART_ReceiveData                        0x08002005   Thumb Code    10  stm32f10x_usart.o(i.USART_ReceiveData)
    USART_SendData                           0x0800200f   Thumb Code     8  stm32f10x_usart.o(i.USART_SendData)
    UsageFault_Handler                       0x08002017   Thumb Code     4  stm32f10x_it.o(i.UsageFault_Handler)
    Voice_S                                  0x0800201d   Thumb Code    48  main.o(i.Voice_S)
    main                                     0x08002055   Thumb Code   168  main.o(i.main)
    pvPortMalloc                             0x08002571   Thumb Code   208  heap_4.o(i.pvPortMalloc)
    pxPortInitialiseStack                    0x08002655   Thumb Code    30  port.o(i.pxPortInitialiseStack)
    uxListRemove                             0x08002679   Thumb Code    40  list.o(i.uxListRemove)
    vListInitialise                          0x080026a1   Thumb Code    26  list.o(i.vListInitialise)
    vListInitialiseItem                      0x080026bb   Thumb Code     6  list.o(i.vListInitialiseItem)
    vListInsert                              0x080026c1   Thumb Code    52  list.o(i.vListInsert)
    vPortEnterCritical                       0x080026f5   Thumb Code    30  port.o(i.vPortEnterCritical)
    vPortExitCritical                        0x08002719   Thumb Code    28  port.o(i.vPortExitCritical)
    vPortFree                                0x08002739   Thumb Code    68  heap_4.o(i.vPortFree)
    vPortSetupTimerInterrupt                 0x08002785   Thumb Code    20  port.o(i.vPortSetupTimerInterrupt)
    vTaskDelay                               0x0800279d   Thumb Code    46  tasks.o(i.vTaskDelay)
    vTaskStartScheduler                      0x080027d1   Thumb Code    76  tasks.o(i.vTaskStartScheduler)
    vTaskSuspendAll                          0x0800283d   Thumb Code    12  tasks.o(i.vTaskSuspendAll)
    vTaskSwitchContext                       0x0800284d   Thumb Code    76  tasks.o(i.vTaskSwitchContext)
    xPortStartScheduler                      0x080028ad   Thumb Code    42  port.o(i.xPortStartScheduler)
    xTaskCreate                              0x080028e1   Thumb Code   104  tasks.o(i.xTaskCreate)
    xTaskIncrementTick                       0x08002949   Thumb Code   356  tasks.o(i.xTaskIncrementTick)
    xTaskResumeAll                           0x08002ad9   Thumb Code   310  tasks.o(i.xTaskResumeAll)
    OLED_F8x16                               0x08002c34   Data        1520  oled.o(.constdata)
    Region$$Table$$Base                      0x08003224   Number         0  anon$$obj.o(Region$$Table)
    Region$$Table$$Limit                     0x08003244   Number         0  anon$$obj.o(Region$$Table)
    pxCurrentTCB                             0x20000014   Data           4  tasks.o(.data)
    uxTopUsedPriority                        0x2000004c   Data           4  tasks.o(.data)
    Serial_RxFlag                            0x20000074   Data           1  serial.o(.data)
    NUM                                      0x20000078   Data           2  timer.o(.data)
    Temp                                     0x2000007c   Data           4  main.o(.data)
    LEDFlag                                  0x20000080   Data           1  main.o(.data)
    LEDNUM                                   0x20000081   Data           1  main.o(.data)
    LightNUM                                 0x20000082   Data           1  main.o(.data)
    FANFlag                                  0x20000083   Data           1  main.o(.data)
    FANMode                                  0x20000084   Data           1  main.o(.data)
    Voice                                    0x20000086   Data           2  main.o(.data)
    Fire                                     0x20000088   Data           2  main.o(.data)
    FireFlag                                 0x2000008a   Data           2  main.o(.data)
    Serial_RxPacket                          0x20004554   Data         100  serial.o(.bss)
    __libspace_start                         0x200045b8   Data          96  libspace.o(.bss)
    __temporary_stack_top$libspace           0x20004618   Data           0  libspace.o(.bss)



==============================================================================

Memory Map of the image

  Image Entry point : 0x080000ed

  Load Region LR_IROM1 (Base: 0x08000000, Size: 0x000032d0, Max: 0x00010000, ABSOLUTE)

    Execution Region ER_IROM1 (Exec base: 0x08000000, Load base: 0x08000000, Size: 0x00003244, Max: 0x00010000, ABSOLUTE)

    Exec Addr    Load Addr    Size         Type   Attr      Idx    E Section Name        Object

    0x08000000   0x08000000   0x000000ec   Data   RO         3138    RESET               startup_stm32f10x_md.o
    0x080000ec   0x080000ec   0x00000008   Code   RO         4885  * !!!main             c_w.l(__main.o)
    0x080000f4   0x080000f4   0x00000034   Code   RO         5224    !!!scatter          c_w.l(__scatter.o)
    0x08000128   0x08000128   0x0000001a   Code   RO         5226    !!handler_copy      c_w.l(__scatter_copy.o)
    0x08000142   0x08000142   0x00000002   PAD
    0x08000144   0x08000144   0x0000001c   Code   RO         5228    !!handler_zi        c_w.l(__scatter_zi.o)
    0x08000160   0x08000160   0x00000002   Code   RO         5087    .ARM.Collect$$libinit$$00000000  c_w.l(libinit.o)
    0x08000162   0x08000162   0x00000000   Code   RO         5101    .ARM.Collect$$libinit$$00000002  c_w.l(libinit2.o)
    0x08000162   0x08000162   0x00000000   Code   RO         5103    .ARM.Collect$$libinit$$00000004  c_w.l(libinit2.o)
    0x08000162   0x08000162   0x00000000   Code   RO         5106    .ARM.Collect$$libinit$$0000000A  c_w.l(libinit2.o)
    0x08000162   0x08000162   0x00000000   Code   RO         5108    .ARM.Collect$$libinit$$0000000C  c_w.l(libinit2.o)
    0x08000162   0x08000162   0x00000000   Code   RO         5110    .ARM.Collect$$libinit$$0000000E  c_w.l(libinit2.o)
    0x08000162   0x08000162   0x00000000   Code   RO         5113    .ARM.Collect$$libinit$$00000011  c_w.l(libinit2.o)
    0x08000162   0x08000162   0x00000000   Code   RO         5115    .ARM.Collect$$libinit$$00000013  c_w.l(libinit2.o)
    0x08000162   0x08000162   0x00000000   Code   RO         5117    .ARM.Collect$$libinit$$00000015  c_w.l(libinit2.o)
    0x08000162   0x08000162   0x00000000   Code   RO         5119    .ARM.Collect$$libinit$$00000017  c_w.l(libinit2.o)
    0x08000162   0x08000162   0x00000000   Code   RO         5121    .ARM.Collect$$libinit$$00000019  c_w.l(libinit2.o)
    0x08000162   0x08000162   0x00000000   Code   RO         5123    .ARM.Collect$$libinit$$0000001B  c_w.l(libinit2.o)
    0x08000162   0x08000162   0x00000000   Code   RO         5125    .ARM.Collect$$libinit$$0000001D  c_w.l(libinit2.o)
    0x08000162   0x08000162   0x00000000   Code   RO         5127    .ARM.Collect$$libinit$$0000001F  c_w.l(libinit2.o)
    0x08000162   0x08000162   0x00000000   Code   RO         5129    .ARM.Collect$$libinit$$00000021  c_w.l(libinit2.o)
    0x08000162   0x08000162   0x00000000   Code   RO         5131    .ARM.Collect$$libinit$$00000023  c_w.l(libinit2.o)
    0x08000162   0x08000162   0x00000000   Code   RO         5133    .ARM.Collect$$libinit$$00000025  c_w.l(libinit2.o)
    0x08000162   0x08000162   0x00000000   Code   RO         5137    .ARM.Collect$$libinit$$0000002C  c_w.l(libinit2.o)
    0x08000162   0x08000162   0x00000000   Code   RO         5139    .ARM.Collect$$libinit$$0000002E  c_w.l(libinit2.o)
    0x08000162   0x08000162   0x00000000   Code   RO         5141    .ARM.Collect$$libinit$$00000030  c_w.l(libinit2.o)
    0x08000162   0x08000162   0x00000000   Code   RO         5143    .ARM.Collect$$libinit$$00000032  c_w.l(libinit2.o)
    0x08000162   0x08000162   0x00000002   Code   RO         5144    .ARM.Collect$$libinit$$00000033  c_w.l(libinit2.o)
    0x08000164   0x08000164   0x00000002   Code   RO         5164    .ARM.Collect$$libshutdown$$00000000  c_w.l(libshutdown.o)
    0x08000166   0x08000166   0x00000000   Code   RO         5177    .ARM.Collect$$libshutdown$$00000002  c_w.l(libshutdown2.o)
    0x08000166   0x08000166   0x00000000   Code   RO         5179    .ARM.Collect$$libshutdown$$00000004  c_w.l(libshutdown2.o)
    0x08000166   0x08000166   0x00000000   Code   RO         5182    .ARM.Collect$$libshutdown$$00000007  c_w.l(libshutdown2.o)
    0x08000166   0x08000166   0x00000000   Code   RO         5185    .ARM.Collect$$libshutdown$$0000000A  c_w.l(libshutdown2.o)
    0x08000166   0x08000166   0x00000000   Code   RO         5187    .ARM.Collect$$libshutdown$$0000000C  c_w.l(libshutdown2.o)
    0x08000166   0x08000166   0x00000000   Code   RO         5190    .ARM.Collect$$libshutdown$$0000000F  c_w.l(libshutdown2.o)
    0x08000166   0x08000166   0x00000002   Code   RO         5191    .ARM.Collect$$libshutdown$$00000010  c_w.l(libshutdown2.o)
    0x08000168   0x08000168   0x00000000   Code   RO         4899    .ARM.Collect$$rtentry$$00000000  c_w.l(__rtentry.o)
    0x08000168   0x08000168   0x00000000   Code   RO         5009    .ARM.Collect$$rtentry$$00000002  c_w.l(__rtentry2.o)
    0x08000168   0x08000168   0x00000006   Code   RO         5021    .ARM.Collect$$rtentry$$00000004  c_w.l(__rtentry4.o)
    0x0800016e   0x0800016e   0x00000000   Code   RO         5011    .ARM.Collect$$rtentry$$00000009  c_w.l(__rtentry2.o)
    0x0800016e   0x0800016e   0x00000004   Code   RO         5012    .ARM.Collect$$rtentry$$0000000A  c_w.l(__rtentry2.o)
    0x08000172   0x08000172   0x00000000   Code   RO         5014    .ARM.Collect$$rtentry$$0000000C  c_w.l(__rtentry2.o)
    0x08000172   0x08000172   0x00000008   Code   RO         5015    .ARM.Collect$$rtentry$$0000000D  c_w.l(__rtentry2.o)
    0x0800017a   0x0800017a   0x00000002   Code   RO         5095    .ARM.Collect$$rtexit$$00000000  c_w.l(rtexit.o)
    0x0800017c   0x0800017c   0x00000000   Code   RO         5146    .ARM.Collect$$rtexit$$00000002  c_w.l(rtexit2.o)
    0x0800017c   0x0800017c   0x00000004   Code   RO         5147    .ARM.Collect$$rtexit$$00000003  c_w.l(rtexit2.o)
    0x08000180   0x08000180   0x00000006   Code   RO         5148    .ARM.Collect$$rtexit$$00000004  c_w.l(rtexit2.o)
    0x08000186   0x08000186   0x00000002   PAD
    0x08000188   0x08000188   0x00000096   Code   RO         4013    .emb_text           port.o
    0x0800021e   0x0800021e   0x00000002   PAD
    0x08000220   0x08000220   0x00000040   Code   RO         3139    .text               startup_stm32f10x_md.o
    0x08000260   0x08000260   0x0000004e   Code   RO         4879    .text               c_w.l(rt_memclr_w.o)
    0x080002ae   0x080002ae   0x00000002   PAD
    0x080002b0   0x080002b0   0x00000080   Code   RO         4881    .text               c_w.l(strcmpv7m.o)
    0x08000330   0x08000330   0x00000006   Code   RO         4883    .text               c_w.l(heapauxi.o)
    0x08000336   0x08000336   0x0000004a   Code   RO         5041    .text               c_w.l(sys_stackheap_outer.o)
    0x08000380   0x08000380   0x00000012   Code   RO         5080    .text               c_w.l(exit.o)
    0x08000392   0x08000392   0x00000002   PAD
    0x08000394   0x08000394   0x00000008   Code   RO         5092    .text               c_w.l(libspace.o)
    0x0800039c   0x0800039c   0x0000000c   Code   RO         5156    .text               c_w.l(sys_exit.o)
    0x080003a8   0x080003a8   0x00000002   Code   RO         5167    .text               c_w.l(use_no_semi.o)
    0x080003aa   0x080003aa   0x00000000   Code   RO         5169    .text               c_w.l(indicate_semi.o)
    0x080003aa   0x080003aa   0x00000002   PAD
    0x080003ac   0x080003ac   0x00000034   Code   RO         4652    i.AD2_GetValue      ad.o
    0x080003e0   0x080003e0   0x00000016   Code   RO          131    i.ADC_Cmd           stm32f10x_adc.o
    0x080003f6   0x080003f6   0x00000014   Code   RO          139    i.ADC_GetCalibrationStatus  stm32f10x_adc.o
    0x0800040a   0x0800040a   0x00000008   Code   RO          140    i.ADC_GetConversionValue  stm32f10x_adc.o
    0x08000412   0x08000412   0x00000012   Code   RO          142    i.ADC_GetFlagStatus  stm32f10x_adc.o
    0x08000424   0x08000424   0x00000014   Code   RO          145    i.ADC_GetResetCalibrationStatus  stm32f10x_adc.o
    0x08000438   0x08000438   0x00000050   Code   RO          149    i.ADC_Init          stm32f10x_adc.o
    0x08000488   0x08000488   0x000000b8   Code   RO          153    i.ADC_RegularChannelConfig  stm32f10x_adc.o
    0x08000540   0x08000540   0x0000000a   Code   RO          154    i.ADC_ResetCalibration  stm32f10x_adc.o
    0x0800054a   0x0800054a   0x00000016   Code   RO          156    i.ADC_SoftwareStartConvCmd  stm32f10x_adc.o
    0x08000560   0x08000560   0x0000000a   Code   RO          158    i.ADC_StartCalibration  stm32f10x_adc.o
    0x0800056a   0x0800056a   0x00000002   PAD
    0x0800056c   0x0800056c   0x00000034   Code   RO         4653    i.AD_GetValue       ad.o
    0x080005a0   0x080005a0   0x000000f0   Code   RO         4654    i.AD_Init           ad.o
    0x08000690   0x08000690   0x000002dc   Code   RO         4703    i.ASRPRO            main.o
    0x0800096c   0x0800096c   0x00000004   Code   RO         4826    i.BusFault_Handler  stm32f10x_it.o
    0x08000970   0x08000970   0x00000034   Code   RO         4562    i.Buzzer_Init       buzzer.o
    0x080009a4   0x080009a4   0x00000014   Code   RO         4563    i.Buzzer_OFF        buzzer.o
    0x080009b8   0x080009b8   0x00000014   Code   RO         4564    i.Buzzer_ON         buzzer.o
    0x080009cc   0x080009cc   0x00000002   Code   RO         4827    i.DebugMon_Handler  stm32f10x_it.o
    0x080009ce   0x080009ce   0x00000018   Code   RO         4679    i.Delay_ms          delay.o
    0x080009e6   0x080009e6   0x0000002e   Code   RO         4681    i.Delay_us          delay.o
    0x08000a14   0x08000a14   0x00000038   Code   RO         4490    i.Encoder_Get       encoder.o
    0x08000a4c   0x08000a4c   0x00000098   Code   RO         4491    i.Encoder_Init      encoder.o
    0x08000ae4   0x08000ae4   0x00000054   Code   RO         4704    i.Fire_S            main.o
    0x08000b38   0x08000b38   0x00000116   Code   RO         1276    i.GPIO_Init         stm32f10x_gpio.o
    0x08000c4e   0x08000c4e   0x00000012   Code   RO         1280    i.GPIO_ReadInputDataBit  stm32f10x_gpio.o
    0x08000c60   0x08000c60   0x00000004   Code   RO         1283    i.GPIO_ResetBits    stm32f10x_gpio.o
    0x08000c64   0x08000c64   0x00000004   Code   RO         1284    i.GPIO_SetBits      stm32f10x_gpio.o
    0x08000c68   0x08000c68   0x0000000a   Code   RO         1287    i.GPIO_WriteBit     stm32f10x_gpio.o
    0x08000c72   0x08000c72   0x00000004   Code   RO         4828    i.HardFault_Handler  stm32f10x_it.o
    0x08000c76   0x08000c76   0x00000002   PAD
    0x08000c78   0x08000c78   0x00000014   Code   RO         4188    i.LED1_OFF          led.o
    0x08000c8c   0x08000c8c   0x00000014   Code   RO         4189    i.LED1_ON           led.o
    0x08000ca0   0x08000ca0   0x00000014   Code   RO         4191    i.LED2_OFF          led.o
    0x08000cb4   0x08000cb4   0x00000014   Code   RO         4192    i.LED2_ON           led.o
    0x08000cc8   0x08000cc8   0x00000014   Code   RO         4193    i.LED3_OFF          led.o
    0x08000cdc   0x08000cdc   0x00000014   Code   RO         4194    i.LED3_ON           led.o
    0x08000cf0   0x08000cf0   0x00000070   Code   RO         4195    i.LED_Init          led.o
    0x08000d60   0x08000d60   0x00000038   Code   RO         4705    i.LED_Sys           main.o
    0x08000d98   0x08000d98   0x00000014   Code   RO         4589    i.LightSenor_Get    lightsensor.o
    0x08000dac   0x08000dac   0x0000002c   Code   RO         4590    i.LightSensor_Init  lightsensor.o
    0x08000dd8   0x08000dd8   0x00000038   Code   RO         4706    i.Light_LED         main.o
    0x08000e10   0x08000e10   0x00000004   Code   RO         4829    i.MemManage_Handler  stm32f10x_it.o
    0x08000e14   0x08000e14   0x000000d4   Code   RO         4610    i.MoterTimer_Init   ds_timer.o
    0x08000ee8   0x08000ee8   0x00000014   Code   RO         4611    i.Moter_PWM_SetCompare1  ds_timer.o
    0x08000efc   0x08000efc   0x00000030   Code   RO         4631    i.Motor_Init        motor.o
    0x08000f2c   0x08000f2c   0x00000040   Code   RO         4632    i.Motor_SetSpeed    motor.o
    0x08000f6c   0x08000f6c   0x00000002   Code   RO         4830    i.NMI_Handler       stm32f10x_it.o
    0x08000f6e   0x08000f6e   0x00000002   PAD
    0x08000f70   0x08000f70   0x00000070   Code   RO            1    i.NVIC_Init         misc.o
    0x08000fe0   0x08000fe0   0x00000014   Code   RO            2    i.NVIC_PriorityGroupConfig  misc.o
    0x08000ff4   0x08000ff4   0x0000002a   Code   RO         4242    i.OLED_Clear        oled.o
    0x0800101e   0x0800101e   0x00000002   PAD
    0x08001020   0x08001020   0x00000050   Code   RO         4243    i.OLED_I2C_Init     oled.o
    0x08001070   0x08001070   0x00000054   Code   RO         4244    i.OLED_I2C_SendByte  oled.o
    0x080010c4   0x080010c4   0x00000034   Code   RO         4245    i.OLED_I2C_Start    oled.o
    0x080010f8   0x080010f8   0x00000028   Code   RO         4246    i.OLED_I2C_Stop     oled.o
    0x08001120   0x08001120   0x000000ae   Code   RO         4247    i.OLED_Init         oled.o
    0x080011ce   0x080011ce   0x00000014   Code   RO         4248    i.OLED_Pow          oled.o
    0x080011e2   0x080011e2   0x00000022   Code   RO         4249    i.OLED_SetCursor    oled.o
    0x08001204   0x08001204   0x00000074   Code   RO         4251    i.OLED_ShowChar     oled.o
    0x08001278   0x08001278   0x00000044   Code   RO         4253    i.OLED_ShowNum      oled.o
    0x080012bc   0x080012bc   0x00000028   Code   RO         4255    i.OLED_ShowString   oled.o
    0x080012e4   0x080012e4   0x00000020   Code   RO         4256    i.OLED_WriteCommand  oled.o
    0x08001304   0x08001304   0x00000020   Code   RO         4257    i.OLED_WriteData    oled.o
    0x08001324   0x08001324   0x0000009c   Code   RO         4511    i.PWM_Init          pwm.o
    0x080013c0   0x080013c0   0x00000010   Code   RO         4512    i.PWM_SetCompare1   pwm.o
    0x080013d0   0x080013d0   0x00000018   Code   RO         1702    i.RCC_ADCCLKConfig  stm32f10x_rcc.o
    0x080013e8   0x080013e8   0x00000020   Code   RO         1704    i.RCC_APB1PeriphClockCmd  stm32f10x_rcc.o
    0x08001408   0x08001408   0x00000020   Code   RO         1706    i.RCC_APB2PeriphClockCmd  stm32f10x_rcc.o
    0x08001428   0x08001428   0x000000d4   Code   RO         1714    i.RCC_GetClocksFreq  stm32f10x_rcc.o
    0x080014fc   0x080014fc   0x000000b8   Code   RO         4350    i.Serial_Init       serial.o
    0x080015b4   0x080015b4   0x00000020   Code   RO         4354    i.Serial_SendByte   serial.o
    0x080015d4   0x080015d4   0x0000001a   Code   RO         4356    i.Serial_SendString  serial.o
    0x080015ee   0x080015ee   0x00000008   Code   RO         3143    i.SetSysClock       system_stm32f10x.o
    0x080015f6   0x080015f6   0x00000002   PAD
    0x080015f8   0x080015f8   0x000000e0   Code   RO         3144    i.SetSysClockTo72   system_stm32f10x.o
    0x080016d8   0x080016d8   0x00000034   Code   RO         4014    i.SysTick_Handler   port.o
    0x0800170c   0x0800170c   0x00000060   Code   RO         3146    i.SystemInit        system_stm32f10x.o
    0x0800176c   0x0800176c   0x00000080   Code   RO         2334    i.TI1_Config        stm32f10x_tim.o
    0x080017ec   0x080017ec   0x00000098   Code   RO         2335    i.TI2_Config        stm32f10x_tim.o
    0x08001884   0x08001884   0x00000090   Code   RO         2336    i.TI3_Config        stm32f10x_tim.o
    0x08001914   0x08001914   0x00000098   Code   RO         2337    i.TI4_Config        stm32f10x_tim.o
    0x080019ac   0x080019ac   0x00000028   Code   RO         4538    i.TIM4_IRQHandler   timer.o
    0x080019d4   0x080019d4   0x00000006   Code   RO         2344    i.TIM_ClearFlag     stm32f10x_tim.o
    0x080019da   0x080019da   0x00000006   Code   RO         2345    i.TIM_ClearITPendingBit  stm32f10x_tim.o
    0x080019e0   0x080019e0   0x00000018   Code   RO         2350    i.TIM_Cmd           stm32f10x_tim.o
    0x080019f8   0x080019f8   0x0000001e   Code   RO         2352    i.TIM_CtrlPWMOutputs  stm32f10x_tim.o
    0x08001a16   0x08001a16   0x00000042   Code   RO         2359    i.TIM_EncoderInterfaceConfig  stm32f10x_tim.o
    0x08001a58   0x08001a58   0x00000006   Code   RO         2369    i.TIM_GetCounter    stm32f10x_tim.o
    0x08001a5e   0x08001a5e   0x00000022   Code   RO         2371    i.TIM_GetITStatus   stm32f10x_tim.o
    0x08001a80   0x08001a80   0x000000ac   Code   RO         2373    i.TIM_ICInit        stm32f10x_tim.o
    0x08001b2c   0x08001b2c   0x00000012   Code   RO         2374    i.TIM_ICStructInit  stm32f10x_tim.o
    0x08001b3e   0x08001b3e   0x00000012   Code   RO         2375    i.TIM_ITConfig      stm32f10x_tim.o
    0x08001b50   0x08001b50   0x0000000c   Code   RO         2377    i.TIM_InternalClockConfig  stm32f10x_tim.o
    0x08001b5c   0x08001b5c   0x00000098   Code   RO         2379    i.TIM_OC1Init       stm32f10x_tim.o
    0x08001bf4   0x08001bf4   0x00000012   Code   RO         2382    i.TIM_OC1PreloadConfig  stm32f10x_tim.o
    0x08001c06   0x08001c06   0x00000014   Code   RO         2397    i.TIM_OCStructInit  stm32f10x_tim.o
    0x08001c1a   0x08001c1a   0x00000004   Code   RO         2411    i.TIM_SetCompare1   stm32f10x_tim.o
    0x08001c1e   0x08001c1e   0x00000004   Code   RO         2415    i.TIM_SetCounter    stm32f10x_tim.o
    0x08001c22   0x08001c22   0x00000012   Code   RO         2416    i.TIM_SetIC1Prescaler  stm32f10x_tim.o
    0x08001c34   0x08001c34   0x0000001a   Code   RO         2417    i.TIM_SetIC2Prescaler  stm32f10x_tim.o
    0x08001c4e   0x08001c4e   0x00000012   Code   RO         2418    i.TIM_SetIC3Prescaler  stm32f10x_tim.o
    0x08001c60   0x08001c60   0x0000001a   Code   RO         2419    i.TIM_SetIC4Prescaler  stm32f10x_tim.o
    0x08001c7a   0x08001c7a   0x00000002   PAD
    0x08001c7c   0x08001c7c   0x000000a4   Code   RO         2421    i.TIM_TimeBaseInit  stm32f10x_tim.o
    0x08001d20   0x08001d20   0x0000007c   Code   RO         4539    i.Timer_Init        timer.o
    0x08001d9c   0x08001d9c   0x000000a0   Code   RO         4357    i.USART1_IRQHandler  serial.o
    0x08001e3c   0x08001e3c   0x0000001e   Code   RO         2886    i.USART_ClearITPendingBit  stm32f10x_usart.o
    0x08001e5a   0x08001e5a   0x00000018   Code   RO         2889    i.USART_Cmd         stm32f10x_usart.o
    0x08001e72   0x08001e72   0x0000001a   Code   RO         2892    i.USART_GetFlagStatus  stm32f10x_usart.o
    0x08001e8c   0x08001e8c   0x00000054   Code   RO         2893    i.USART_GetITStatus  stm32f10x_usart.o
    0x08001ee0   0x08001ee0   0x0000004a   Code   RO         2895    i.USART_ITConfig    stm32f10x_usart.o
    0x08001f2a   0x08001f2a   0x00000002   PAD
    0x08001f2c   0x08001f2c   0x000000d8   Code   RO         2896    i.USART_Init        stm32f10x_usart.o
    0x08002004   0x08002004   0x0000000a   Code   RO         2903    i.USART_ReceiveData  stm32f10x_usart.o
    0x0800200e   0x0800200e   0x00000008   Code   RO         2906    i.USART_SendData    stm32f10x_usart.o
    0x08002016   0x08002016   0x00000004   Code   RO         4831    i.UsageFault_Handler  stm32f10x_it.o
    0x0800201a   0x0800201a   0x00000002   PAD
    0x0800201c   0x0800201c   0x00000038   Code   RO         4707    i.Voice_S           main.o
    0x08002054   0x08002054   0x000000f0   Code   RO         4708    i.main              main.o
    0x08002144   0x08002144   0x000000c0   Code   RO         3646    i.prvAddCurrentTaskToDelayedList  tasks.o
    0x08002204   0x08002204   0x000000e4   Code   RO         3647    i.prvAddNewTaskToReadyList  tasks.o
    0x080022e8   0x080022e8   0x00000048   Code   RO         3648    i.prvCheckTasksWaitingTermination  tasks.o
    0x08002330   0x08002330   0x00000012   Code   RO         3649    i.prvDeleteTCB      tasks.o
    0x08002342   0x08002342   0x00000002   PAD
    0x08002344   0x08002344   0x00000070   Code   RO         3952    i.prvHeapInit       heap_4.o
    0x080023b4   0x080023b4   0x00000028   Code   RO         3650    i.prvIdleTask       tasks.o
    0x080023dc   0x080023dc   0x0000007a   Code   RO         3651    i.prvInitialiseNewTask  tasks.o
    0x08002456   0x08002456   0x00000002   PAD
    0x08002458   0x08002458   0x00000068   Code   RO         3652    i.prvInitialiseTaskLists  tasks.o
    0x080024c0   0x080024c0   0x00000068   Code   RO         3953    i.prvInsertBlockIntoFreeList  heap_4.o
    0x08002528   0x08002528   0x00000030   Code   RO         3653    i.prvResetNextTaskUnblockTime  tasks.o
    0x08002558   0x08002558   0x00000016   Code   RO         4015    i.prvTaskExitError  port.o
    0x0800256e   0x0800256e   0x00000002   PAD
    0x08002570   0x08002570   0x000000e4   Code   RO         3955    i.pvPortMalloc      heap_4.o
    0x08002654   0x08002654   0x00000024   Code   RO         4016    i.pxPortInitialiseStack  port.o
    0x08002678   0x08002678   0x00000028   Code   RO         3327    i.uxListRemove      list.o
    0x080026a0   0x080026a0   0x0000001a   Code   RO         3328    i.vListInitialise   list.o
    0x080026ba   0x080026ba   0x00000006   Code   RO         3329    i.vListInitialiseItem  list.o
    0x080026c0   0x080026c0   0x00000034   Code   RO         3330    i.vListInsert       list.o
    0x080026f4   0x080026f4   0x00000024   Code   RO         4018    i.vPortEnterCritical  port.o
    0x08002718   0x08002718   0x00000020   Code   RO         4019    i.vPortExitCritical  port.o
    0x08002738   0x08002738   0x0000004c   Code   RO         3956    i.vPortFree         heap_4.o
    0x08002784   0x08002784   0x00000018   Code   RO         4020    i.vPortSetupTimerInterrupt  port.o
    0x0800279c   0x0800279c   0x00000034   Code   RO         3661    i.vTaskDelay        tasks.o
    0x080027d0   0x080027d0   0x0000006c   Code   RO         3673    i.vTaskStartScheduler  tasks.o
    0x0800283c   0x0800283c   0x00000010   Code   RO         3675    i.vTaskSuspendAll   tasks.o
    0x0800284c   0x0800284c   0x00000060   Code   RO         3676    i.vTaskSwitchContext  tasks.o
    0x080028ac   0x080028ac   0x00000034   Code   RO         4021    i.xPortStartScheduler  port.o
    0x080028e0   0x080028e0   0x00000068   Code   RO         3679    i.xTaskCreate       tasks.o
    0x08002948   0x08002948   0x00000190   Code   RO         3688    i.xTaskIncrementTick  tasks.o
    0x08002ad8   0x08002ad8   0x0000015c   Code   RO         3690    i.xTaskResumeAll    tasks.o
    0x08002c34   0x08002c34   0x000005f0   Data   RO         4258    .constdata          oled.o
    0x08003224   0x08003224   0x00000020   Data   RO         5222    Region$$Table       anon$$obj.o


    Execution Region RW_IRAM1 (Exec base: 0x20000000, Load base: 0x08003244, Size: 0x00004c18, Max: 0x00005000, ABSOLUTE)

    Exec Addr    Load Addr    Size         Type   Attr      Idx    E Section Name        Object

    0x20000000   0x08003244   0x00000014   Data   RW         1734    .data               stm32f10x_rcc.o
    0x20000014   0x08003258   0x00000040   Data   RW         3693    .data               tasks.o
    0x20000054   0x08003298   0x0000001c   Data   RW         3962    .data               heap_4.o
    0x20000070   0x080032b4   0x00000004   Data   RW         4022    .data               port.o
    0x20000074   0x080032b8   0x00000003   Data   RW         4360    .data               serial.o
    0x20000077   0x080032bb   0x00000001   PAD
    0x20000078   0x080032bc   0x00000002   Data   RW         4540    .data               timer.o
    0x2000007a   0x080032be   0x00000002   PAD
    0x2000007c   0x080032c0   0x00000010   Data   RW         4709    .data               main.o
    0x2000008c        -       0x000000c8   Zero   RW         3692    .bss                tasks.o
    0x20000154        -       0x00004400   Zero   RW         3961    .bss                heap_4.o
    0x20004554        -       0x00000064   Zero   RW         4359    .bss                serial.o
    0x200045b8        -       0x00000060   Zero   RW         5093    .bss                c_w.l(libspace.o)
    0x20004618        -       0x00000200   Zero   RW         3137    HEAP                startup_stm32f10x_md.o
    0x20004818        -       0x00000400   Zero   RW         3136    STACK               startup_stm32f10x_md.o


==============================================================================

Image component sizes


      Code (inc. data)   RO Data    RW Data    ZI Data      Debug   Object Name

       344         26          0          0          0       1691   ad.o
        92         16          0          0          0       1343   buzzer.o
         0          0          0          0          0         32   core_cm3.o
         0          0          0          0          0       8068   croutine.o
        70          0          0          0          0        930   delay.o
       232         14          0          0          0       1226   ds_timer.o
       208         12          0          0          0       1145   encoder.o
         0          0          0          0          0       2496   event_groups.o
       520         58          0         28      17408       4487   heap_4.o
         0          0          0          0          0     247044   key.o
       232         44          0          0          0       3018   led.o
        64         10          0          0          0        972   lightsensor.o
       124          0          0          0          0       2609   list.o
      1224        264          0         16          0      14508   main.o
       132         22          0          0          0     226375   misc.o
       112         12          0          0          0        994   motor.o
       814         22       1520          0          0       7713   oled.o
       404         48          0          4          0       8808   port.o
       172          4          0          0          0       1113   pwm.o
       402         34          0          3        100       2900   serial.o
        64         26        236          0       1536        788   startup_stm32f10x_md.o
       394         10          0          0          0      16769   stm32f10x_adc.o
       314          0          0          0          0      12412   stm32f10x_gpio.o
        20          0          0          0          0       2525   stm32f10x_it.o
       300         38          0         20          0      13565   stm32f10x_rcc.o
      1418        170          0          0          0      35594   stm32f10x_tim.o
       472          6          0          0          0      12587   stm32f10x_usart.o
       328         28          0          0          0       1869   system_stm32f10x.o
      1948        262          0         64        200      25859   tasks.o
       164         12          0          2          0       1225   timer.o

    ----------------------------------------------------------------------
     10592       1138       1788        140      19244     660665   Object Totals
         0          0         32          0          0          0   (incl. Generated)
        24          0          0          3          0          0   (incl. Padding)

    ----------------------------------------------------------------------

      Code (inc. data)   RO Data    RW Data    ZI Data      Debug   Library Member Name

         8          0          0          0          0         68   __main.o
         0          0          0          0          0          0   __rtentry.o
        12          0          0          0          0          0   __rtentry2.o
         6          0          0          0          0          0   __rtentry4.o
        52          8          0          0          0          0   __scatter.o
        26          0          0          0          0          0   __scatter_copy.o
        28          0          0          0          0          0   __scatter_zi.o
        18          0          0          0          0         80   exit.o
         6          0          0          0          0        152   heapauxi.o
         0          0          0          0          0          0   indicate_semi.o
         2          0          0          0          0          0   libinit.o
         2          0          0          0          0          0   libinit2.o
         2          0          0          0          0          0   libshutdown.o
         2          0          0          0          0          0   libshutdown2.o
         8          4          0          0         96         68   libspace.o
        78          0          0          0          0         80   rt_memclr_w.o
         2          0          0          0          0          0   rtexit.o
        10          0          0          0          0          0   rtexit2.o
       128          0          0          0          0         68   strcmpv7m.o
        12          4          0          0          0         68   sys_exit.o
        74          0          0          0          0         80   sys_stackheap_outer.o
         2          0          0          0          0         68   use_no_semi.o

    ----------------------------------------------------------------------
       488         16          0          0         96        732   Library Totals
        10          0          0          0          0          0   (incl. Padding)

    ----------------------------------------------------------------------

      Code (inc. data)   RO Data    RW Data    ZI Data      Debug   Library Name

       478         16          0          0         96        732   c_w.l

    ----------------------------------------------------------------------
       488         16          0          0         96        732   Library Totals

    ----------------------------------------------------------------------

==============================================================================


      Code (inc. data)   RO Data    RW Data    ZI Data      Debug   

     11080       1154       1788        140      19340     653853   Grand Totals
     11080       1154       1788        140      19340     653853   ELF Image Totals
     11080       1154       1788        140          0          0   ROM Totals

==============================================================================

    Total RO  Size (Code + RO Data)                12868 (  12.57kB)
    Total RW  Size (RW Data + ZI Data)             19480 (  19.02kB)
    Total ROM Size (Code + RO Data + RW Data)      13008 (  12.70kB)

==============================================================================

